Archive member included to satisfy reference by file (symbol)

D:/Apps/STM32CubeIDE/STM32CubeIDE_2.1.1/STM32CubeIDE/plugins/com.st.stm32cube.ide.mcu.externaltools.gnu-tools-for-stm32.14.3.rel1.win32_1.0.100.202602081740/tools/bin/../lib/gcc/arm-none-eabi/14.3.1/../../../../arm-none-eabi/lib/thumb/v7e-m+fp/hard\libc_nano.a(libc_a-exit.o)
                              D:/Apps/STM32CubeIDE/STM32CubeIDE_2.1.1/STM32CubeIDE/plugins/com.st.stm32cube.ide.mcu.externaltools.gnu-tools-for-stm32.14.3.rel1.win32_1.0.100.202602081740/tools/bin/../lib/gcc/arm-none-eabi/14.3.1/../../../../arm-none-eabi/lib/thumb/v7e-m+fp/hard/crt0.o (exit)
D:/Apps/STM32CubeIDE/STM32CubeIDE_2.1.1/STM32CubeIDE/plugins/com.st.stm32cube.ide.mcu.externaltools.gnu-tools-for-stm32.14.3.rel1.win32_1.0.100.202602081740/tools/bin/../lib/gcc/arm-none-eabi/14.3.1/../../../../arm-none-eabi/lib/thumb/v7e-m+fp/hard\libc_nano.a(libc_a-nano-vfprintf_float.o)
                              (_printf_float)
D:/Apps/STM32CubeIDE/STM32CubeIDE_2.1.1/STM32CubeIDE/plugins/com.st.stm32cube.ide.mcu.externaltools.gnu-tools-for-stm32.14.3.rel1.win32_1.0.100.202602081740/tools/bin/../lib/gcc/arm-none-eabi/14.3.1/../../../../arm-none-eabi/lib/thumb/v7e-m+fp/hard\libc_nano.a(libc_a-nano-vfprintf_i.o)
                              D:/Apps/STM32CubeIDE/STM32CubeIDE_2.1.1/STM32CubeIDE/plugins/com.st.stm32cube.ide.mcu.externaltools.gnu-tools-for-stm32.14.3.rel1.win32_1.0.100.202602081740/tools/bin/../lib/gcc/arm-none-eabi/14.3.1/../../../../arm-none-eabi/lib/thumb/v7e-m+fp/hard\libc_nano.a(libc_a-nano-vfprintf_float.o) (_printf_common)
D:/Apps/STM32CubeIDE/STM32CubeIDE_2.1.1/STM32CubeIDE/plugins/com.st.stm32cube.ide.mcu.externaltools.gnu-tools-for-stm32.14.3.rel1.win32_1.0.100.202602081740/tools/bin/../lib/gcc/arm-none-eabi/14.3.1/../../../../arm-none-eabi/lib/thumb/v7e-m+fp/hard\libc_nano.a(libc_a-nano-vfscanf_float.o)
                              (_scanf_float)
D:/Apps/STM32CubeIDE/STM32CubeIDE_2.1.1/STM32CubeIDE/plugins/com.st.stm32cube.ide.mcu.externaltools.gnu-tools-for-stm32.14.3.rel1.win32_1.0.100.202602081740/tools/bin/../lib/gcc/arm-none-eabi/14.3.1/../../../../arm-none-eabi/lib/thumb/v7e-m+fp/hard\libc_nano.a(libc_a-findfp.o)
                              ./Middlewares/Third_Party/FreeRTOS/Source/tasks.o (__sf)
D:/Apps/STM32CubeIDE/STM32CubeIDE_2.1.1/STM32CubeIDE/plugins/com.st.stm32cube.ide.mcu.externaltools.gnu-tools-for-stm32.14.3.rel1.win32_1.0.100.202602081740/tools/bin/../lib/gcc/arm-none-eabi/14.3.1/../../../../arm-none-eabi/lib/thumb/v7e-m+fp/hard\libc_nano.a(libc_a-fwalk.o)
                              D:/Apps/STM32CubeIDE/STM32CubeIDE_2.1.1/STM32CubeIDE/plugins/com.st.stm32cube.ide.mcu.externaltools.gnu-tools-for-stm32.14.3.rel1.win32_1.0.100.202602081740/tools/bin/../lib/gcc/arm-none-eabi/14.3.1/../../../../arm-none-eabi/lib/thumb/v7e-m+fp/hard\libc_nano.a(libc_a-findfp.o) (_fwalk_sglue)
D:/Apps/STM32CubeIDE/STM32CubeIDE_2.1.1/STM32CubeIDE/plugins/com.st.stm32cube.ide.mcu.externaltools.gnu-tools-for-stm32.14.3.rel1.win32_1.0.100.202602081740/tools/bin/../lib/gcc/arm-none-eabi/14.3.1/../../../../arm-none-eabi/lib/thumb/v7e-m+fp/hard\libc_nano.a(libc_a-snprintf.o)
                              ./Core/Src/freertos.o (snprintf)
D:/Apps/STM32CubeIDE/STM32CubeIDE_2.1.1/STM32CubeIDE/plugins/com.st.stm32cube.ide.mcu.externaltools.gnu-tools-for-stm32.14.3.rel1.win32_1.0.100.202602081740/tools/bin/../lib/gcc/arm-none-eabi/14.3.1/../../../../arm-none-eabi/lib/thumb/v7e-m+fp/hard\libc_nano.a(libc_a-sprintf.o)
                              D:/Apps/STM32CubeIDE/STM32CubeIDE_2.1.1/STM32CubeIDE/plugins/com.st.stm32cube.ide.mcu.externaltools.gnu-tools-for-stm32.14.3.rel1.win32_1.0.100.202602081740/tools/bin/../lib/gcc/arm-none-eabi/14.3.1/../../../../arm-none-eabi/lib/thumb/v7e-m+fp/hard\libc_nano.a(libc_a-nano-vfscanf_float.o) (sprintf)
D:/Apps/STM32CubeIDE/STM32CubeIDE_2.1.1/STM32CubeIDE/plugins/com.st.stm32cube.ide.mcu.externaltools.gnu-tools-for-stm32.14.3.rel1.win32_1.0.100.202602081740/tools/bin/../lib/gcc/arm-none-eabi/14.3.1/../../../../arm-none-eabi/lib/thumb/v7e-m+fp/hard\libc_nano.a(libc_a-sscanf.o)
                              ./Core/Src/freertos.o (sscanf)
D:/Apps/STM32CubeIDE/STM32CubeIDE_2.1.1/STM32CubeIDE/plugins/com.st.stm32cube.ide.mcu.externaltools.gnu-tools-for-stm32.14.3.rel1.win32_1.0.100.202602081740/tools/bin/../lib/gcc/arm-none-eabi/14.3.1/../../../../arm-none-eabi/lib/thumb/v7e-m+fp/hard\libc_nano.a(libc_a-stdio.o)
                              D:/Apps/STM32CubeIDE/STM32CubeIDE_2.1.1/STM32CubeIDE/plugins/com.st.stm32cube.ide.mcu.externaltools.gnu-tools-for-stm32.14.3.rel1.win32_1.0.100.202602081740/tools/bin/../lib/gcc/arm-none-eabi/14.3.1/../../../../arm-none-eabi/lib/thumb/v7e-m+fp/hard\libc_nano.a(libc_a-findfp.o) (__sread)
[...]
Memory Configuration

Name             Origin             Length             Attributes
RAM              0x20000000         0x00020000         xrw
FLASH            0x08000000         0x00080000         xr
*default*        0x00000000         0xffffffff

Linker script and memory map

LOAD D:/Apps/STM32CubeIDE/STM32CubeIDE_2.1.1/STM32CubeIDE/plugins/com.st.stm32cube.ide.mcu.externaltools.gnu-tools-for-stm32.14.3.rel1.win32_1.0.100.202602081740/tools/bin/../lib/gcc/arm-none-eabi/14.3.1/thumb/v7e-m+fp/hard/crti.o
LOAD D:/Apps/STM32CubeIDE/STM32CubeIDE_2.1.1/STM32CubeIDE/plugins/com.st.stm32cube.ide.mcu.externaltools.gnu-tools-for-stm32.14.3.rel1.win32_1.0.100.202602081740/tools/bin/../lib/gcc/arm-none-eabi/14.3.1/thumb/v7e-m+fp/hard/crtbegin.o
LOAD D:/Apps/STM32CubeIDE/STM32CubeIDE_2.1.1/STM32CubeIDE/plugins/com.st.stm32cube.ide.mcu.externaltools.gnu-tools-for-stm32.14.3.rel1.win32_1.0.100.202602081740/tools/bin/../lib/gcc/arm-none-eabi/14.3.1/../../../../arm-none-eabi/lib/thumb/v7e-m+fp/hard/crt0.o
LOAD ./Core/Src/adc.o
LOAD ./Core/Src/dma.o
LOAD ./Core/Src/freertos.o
LOAD ./Core/Src/gpio.o
LOAD ./Core/Src/i2c.o
LOAD ./Core/Src/main.o
LOAD ./Core/Src/stm32f4xx_hal_msp.o
LOAD ./Core/Src/stm32f4xx_hal_timebase_tim.o
LOAD ./Core/Src/stm32f4xx_it.o
LOAD ./Core/Src/syscalls.o
LOAD ./Core/Src/sysmem.o
LOAD ./Core/Src/system_stm32f4xx.o
LOAD ./Core/Src/tim.o
LOAD ./Core/Src/usart.o
LOAD ./Core/Startup/startup_stm32f446retx.o
LOAD ./Drivers/BSP/STM32F4xx-Nucleo/stm32f4xx_nucleo.o
LOAD ./Drivers/STM32F4xx_HAL_Driver/Src/stm32f4xx_hal.o
LOAD ./Drivers/STM32F4xx_HAL_Driver/Src/stm32f4xx_hal_adc.o
LOAD ./Drivers/STM32F4xx_HAL_Driver/Src/stm32f4xx_hal_adc_ex.o
LOAD ./Drivers/STM32F4xx_HAL_Driver/Src/stm32f4xx_hal_cortex.o
LOAD ./Drivers/STM32F4xx_HAL_Driver/Src/stm32f4xx_hal_dma.o
LOAD ./Drivers/STM32F4xx_HAL_Driver/Src/stm32f4xx_hal_dma_ex.o
LOAD ./Drivers/STM32F4xx_HAL_Driver/Src/stm32f4xx_hal_exti.o
LOAD ./Drivers/STM32F4xx_HAL_Driver/Src/stm32f4xx_hal_flash.o
LOAD ./Drivers/STM32F4xx_HAL_Driver/Src/stm32f4xx_hal_flash_ex.o
LOAD ./Drivers/STM32F4xx_HAL_Driver/Src/stm32f4xx_hal_flash_ramfunc.o
LOAD ./Drivers/STM32F4xx_HAL_Driver/Src/stm32f4xx_hal_gpio.o
LOAD ./Drivers/STM32F4xx_HAL_Driver/Src/stm32f4xx_hal_i2c.o
LOAD ./Drivers/STM32F4xx_HAL_Driver/Src/stm32f4xx_hal_i2c_ex.o
LOAD ./Drivers/STM32F4xx_HAL_Driver/Src/stm32f4xx_hal_pwr.o
LOAD ./Drivers/STM32F4xx_HAL_Driver/Src/stm32f4xx_hal_pwr_ex.o
LOAD ./Drivers/STM32F4xx_HAL_Driver/Src/stm32f4xx_hal_rcc.o
LOAD ./Drivers/STM32F4xx_HAL_Driver/Src/stm32f4xx_hal_rcc_ex.o
LOAD ./Drivers/STM32F4xx_HAL_Driver/Src/stm32f4xx_hal_tim.o
LOAD ./Drivers/STM32F4xx_HAL_Driver/Src/stm32f4xx_hal_tim_ex.o
LOAD ./Drivers/STM32F4xx_HAL_Driver/Src/stm32f4xx_hal_uart.o
LOAD ./Middlewares/Third_Party/FreeRTOS/Source/CMSIS_RTOS_V2/cmsis_os2.o
LOAD ./Middlewares/Third_Party/FreeRTOS/Source/croutine.o
LOAD ./Middlewares/Third_Party/FreeRTOS/Source/event_groups.o
LOAD ./Middlewares/Third_Party/FreeRTOS/Source/list.o
LOAD ./Middlewares/Third_Party/FreeRTOS/Source/queue.o
LOAD ./Middlewares/Third_Party/FreeRTOS/Source/stream_buffer.o
LOAD ./Middlewares/Third_Party/FreeRTOS/Source/tasks.o
LOAD ./Middlewares/Third_Party/FreeRTOS/Source/timers.o
LOAD ./Middlewares/Third_Party/FreeRTOS/Source/portable/GCC/ARM_CM4F/port.o
LOAD ./Middlewares/Third_Party/FreeRTOS/Source/portable/MemMang/heap_4.o
START GROUP
LOAD D:/Apps/STM32CubeIDE/STM32CubeIDE_2.1.1/STM32CubeIDE/plugins/com.st.stm32cube.ide.mcu.externaltools.gnu-tools-for-stm32.14.3.rel1.win32_1.0.100.202602081740/tools/bin/../lib/gcc/arm-none-eabi/14.3.1/../../../../arm-none-eabi/lib/thumb/v7e-m+fp/hard\libc_nano.a
LOAD D:/Apps/STM32CubeIDE/STM32CubeIDE_2.1.1/STM32CubeIDE/plugins/com.st.stm32cube.ide.mcu.externaltools.gnu-tools-for-stm32.14.3.rel1.win32_1.0.100.202602081740/tools/bin/../lib/gcc/arm-none-eabi/14.3.1/../../../../arm-none-eabi/lib/thumb/v7e-m+fp/hard\libm.a
END GROUP
START GROUP
LOAD D:/Apps/STM32CubeIDE/STM32CubeIDE_2.1.1/STM32CubeIDE/plugins/com.st.stm32cube.ide.mcu.externaltools.gnu-tools-for-stm32.14.3.rel1.win32_1.0.100.202602081740/tools/bin/../lib/gcc/arm-none-eabi/14.3.1/thumb/v7e-m+fp/hard\libgcc.a
LOAD D:/Apps/STM32CubeIDE/STM32CubeIDE_2.1.1/STM32CubeIDE/plugins/com.st.stm32cube.ide.mcu.externaltools.gnu-tools-for-stm32.14.3.rel1.win32_1.0.100.202602081740/tools/bin/../lib/gcc/arm-none-eabi/14.3.1/../../../../arm-none-eabi/lib/thumb/v7e-m+fp/hard\libc_nano.a
END GROUP
START GROUP
LOAD D:/Apps/STM32CubeIDE/STM32CubeIDE_2.1.1/STM32CubeIDE/plugins/com.st.stm32cube.ide.mcu.externaltools.gnu-tools-for-stm32.14.3.rel1.win32_1.0.100.202602081740/tools/bin/../lib/gcc/arm-none-eabi/14.3.1/thumb/v7e-m+fp/hard\libgcc.a
LOAD D:/Apps/STM32CubeIDE/STM32CubeIDE_2.1.1/STM32CubeIDE/plugins/com.st.stm32cube.ide.mcu.externaltools.gnu-tools-for-stm32.14.3.rel1.win32_1.0.100.202602081740/tools/bin/../lib/gcc/arm-none-eabi/14.3.1/../../../../arm-none-eabi/lib/thumb/v7e-m+fp/hard\libc_nano.a
LOAD D:/Apps/STM32CubeIDE/STM32CubeIDE_2.1.1/STM32CubeIDE/plugins/com.st.stm32cube.ide.mcu.externaltools.gnu-tools-for-stm32.14.3.rel1.win32_1.0.100.202602081740/tools/bin/../lib/gcc/arm-none-eabi/14.3.1/../../../../arm-none-eabi/lib/thumb/v7e-m+fp/hard\libnosys.a
END GROUP
START GROUP
LOAD D:/Apps/STM32CubeIDE/STM32CubeIDE_2.1.1/STM32CubeIDE/plugins/com.st.stm32cube.ide.mcu.externaltools.gnu-tools-for-stm32.14.3.rel1.win32_1.0.100.202602081740/tools/bin/../lib/gcc/arm-none-eabi/14.3.1/thumb/v7e-m+fp/hard\libgcc.a
LOAD D:/Apps/STM32CubeIDE/STM32CubeIDE_2.1.1/STM32CubeIDE/plugins/com.st.stm32cube.ide.mcu.externaltools.gnu-tools-for-stm32.14.3.rel1.win32_1.0.100.202602081740/tools/bin/../lib/gcc/arm-none-eabi/14.3.1/../../../../arm-none-eabi/lib/thumb/v7e-m+fp/hard\libc_nano.a
LOAD D:/Apps/STM32CubeIDE/STM32CubeIDE_2.1.1/STM32CubeIDE/plugins/com.st.stm32cube.ide.mcu.externaltools.gnu-tools-for-stm32.14.3.rel1.win32_1.0.100.202602081740/tools/bin/../lib/gcc/arm-none-eabi/14.3.1/../../../../arm-none-eabi/lib/thumb/v7e-m+fp/hard\libnosys.a
END GROUP
LOAD D:/Apps/STM32CubeIDE/STM32CubeIDE_2.1.1/STM32CubeIDE/plugins/com.st.stm32cube.ide.mcu.externaltools.gnu-tools-for-stm32.14.3.rel1.win32_1.0.100.202602081740/tools/bin/../lib/gcc/arm-none-eabi/14.3.1/thumb/v7e-m+fp/hard/crtend.o
LOAD D:/Apps/STM32CubeIDE/STM32CubeIDE_2.1.1/STM32CubeIDE/plugins/com.st.stm32cube.ide.mcu.externaltools.gnu-tools-for-stm32.14.3.rel1.win32_1.0.100.202602081740/tools/bin/../lib/gcc/arm-none-eabi/14.3.1/thumb/v7e-m+fp/hard/crtn.o
                0x20020000                        _estack = (ORIGIN (RAM) + LENGTH (RAM))
                0x00000400                        _Min_Heap_Size = 0x400
                0x00001000                        _Min_Stack_Size = 0x1000

.isr_vector     0x08000000      0x1c4
                0x08000000                        . = ALIGN (0x4)
 *(.isr_vector)
 .isr_vector    0x08000000      0x1c4 ./Core/Startup/startup_stm32f446retx.o
                0x08000000                g_pfnVectors
                0x080001c4                        . = ALIGN (0x4)

.text           0x080001d0    0x111a0
                0x080001d0                        . = ALIGN (0x4)
 *(.text)
 .text          0x080001d0       0x40 D:/Apps/STM32CubeIDE/STM32CubeIDE_2.1.1/STM32CubeIDE/plugins/com.st.stm32cube.ide.mcu.externaltools.gnu-tools-for-stm32.14.3.rel1.win32_1.0.100.202602081740/tools/bin/../lib/gcc/arm-none-eabi/14.3.1/thumb/v7e-m+fp/hard/crtbegin.o
 .text          0x08000210       0xa0 D:/Apps/STM32CubeIDE/STM32CubeIDE_2.1.1/STM32CubeIDE/plugins/com.st.stm32cube.ide.mcu.externaltools.gnu-tools-for-stm32.14.3.rel1.win32_1.0.100.202602081740/tools/bin/../lib/gcc/arm-none-eabi/14.3.1/../../../../arm-none-eabi/lib/thumb/v7e-m+fp/hard\libc_nano.a(libc_a-memchr.o)
                0x08000210                memchr
 .text          0x080002b0       0x10 D:/Apps/STM32CubeIDE/STM32CubeIDE_2.1.1/STM32CubeIDE/plugins/com.st.stm32cube.ide.mcu.externaltools.gnu-tools-for-stm32.14.3.rel1.win32_1.0.100.202602081740/tools/bin/../lib/gcc/arm-none-eabi/14.3.1/../../../../arm-none-eabi/lib/thumb/v7e-m+fp/hard\libc_nano.a(libc_a-strlen.o)
                0x080002b0                strlen
 .text          0x080002c0      0x378 D:/Apps/STM32CubeIDE/STM32CubeIDE_2.1.1/STM32CubeIDE/plugins/com.st.stm32cube.ide.mcu.externaltools.gnu-tools-for-stm32.14.3.rel1.win32_1.0.100.202602081740/tools/bin/../lib/gcc/arm-none-eabi/14.3.1/thumb/v7e-m+fp/hard\libgcc.a(_arm_addsubdf3.o)
                0x080002c0                __aeabi_drsub
                0x080002c8                __aeabi_dsub
                0x080002c8                __subdf3
                0x080002cc                __aeabi_dadd
                0x080002cc                __adddf3
                0x08000544                __floatunsidf
                0x08000544                __aeabi_ui2d
                0x08000564                __floatsidf
                0x08000564                __aeabi_i2d
                0x08000588                __aeabi_f2d
                0x08000588                __extendsfdf2
                0x080005cc                __floatundidf
                0x080005cc                __aeabi_ul2d
                0x080005dc                __floatdidf
                0x080005dc                __aeabi_l2d
 .text          0x08000638      0x424 D:/Apps/STM32CubeIDE/STM32CubeIDE_2.1.1/STM32CubeIDE/plugins/com.st.stm32cube.ide.mcu.externaltools.gnu-tools-for-stm32.14.3.rel1.win32_1.0.100.202602081740/tools/bin/../lib/gcc/arm-none-eabi/14.3.1/thumb/v7e-m+fp/hard\libgcc.a(_arm_muldivdf3.o)
                0x08000638                __aeabi_dmul
                0x08000638                __muldf3
                0x0800088c                __divdf3
                0x0800088c                __aeabi_ddiv
 .text          0x08000a5c      0x110 D:/Apps/STM32CubeIDE/STM32CubeIDE_2.1.1/STM32CubeIDE/plugins/com.st.stm32cube.ide.mcu.externaltools.gnu-tools-for-stm32.14.3.rel1.win32_1.0.100.202602081740/tools/bin/../lib/gcc/arm-none-eabi/14.3.1/thumb/v7e-m+fp/hard\libgcc.a(_arm_cmpdf2.o)
                0x08000a5c                __gtdf2
                0x08000a5c                __gedf2
                0x08000a64                __ltdf2
                0x08000a64                __ledf2
                0x08000a6c                __nedf2
                0x08000a6c                __eqdf2
                0x08000a6c                __cmpdf2
                0x08000ae8                __aeabi_cdrcmple
                0x08000af8                __aeabi_cdcmpeq
                0x08000af8                __aeabi_cdcmple
                0x08000b08                __aeabi_dcmpeq
                0x08000b1c                __aeabi_dcmplt
                0x08000b30                __aeabi_dcmple
                0x08000b44                __aeabi_dcmpge
                0x08000b58                __aeabi_dcmpgt
 .text          0x08000b6c       0x2c D:/Apps/STM32CubeIDE/STM32CubeIDE_2.1.1/STM32CubeIDE/plugins/com.st.stm32cube.ide.mcu.externaltools.gnu-tools-for-stm32.14.3.rel1.win32_1.0.100.202602081740/tools/bin/../lib/gcc/arm-none-eabi/14.3.1/thumb/v7e-m+fp/hard\libgcc.a(_arm_unorddf2.o)
                0x08000b6c                __unorddf2
                0x08000b6c                __aeabi_dcmpun
 .text          0x08000b98       0x50 D:/Apps/STM32CubeIDE/STM32CubeIDE_2.1.1/STM32CubeIDE/plugins/com.st.stm32cube.ide.mcu.externaltools.gnu-tools-for-stm32.14.3.rel1.win32_1.0.100.202602081740/tools/bin/../lib/gcc/arm-none-eabi/14.3.1/thumb/v7e-m+fp/hard\libgcc.a(_arm_fixdfsi.o)
                0x08000b98                __aeabi_d2iz
                0x08000b98                __fixdfsi
 .text          0x08000be8       0x40 D:/Apps/STM32CubeIDE/STM32CubeIDE_2.1.1/STM32CubeIDE/plugins/com.st.stm32cube.ide.mcu.externaltools.gnu-tools-for-stm32.14.3.rel1.win32_1.0.100.202602081740/tools/bin/../lib/gcc/arm-none-eabi/14.3.1/thumb/v7e-m+fp/hard\libgcc.a(_arm_fixunsdfsi.o)
                0x08000be8                __aeabi_d2uiz
                0x08000be8                __fixunsdfsi
 .text          0x08000c28       0xa0 D:/Apps/STM32CubeIDE/STM32CubeIDE_2.1.1/STM32CubeIDE/plugins/com.st.stm32cube.ide.mcu.externaltools.gnu-tools-for-stm32.14.3.rel1.win32_1.0.100.202602081740/tools/bin/../lib/gcc/arm-none-eabi/14.3.1/thumb/v7e-m+fp/hard\libgcc.a(_arm_truncdfsf2.o)
                0x08000c28                __truncdfsf2
                0x08000c28                __aeabi_d2f
 .text          0x08000cc8       0x30 D:/Apps/STM32CubeIDE/STM32CubeIDE_2.1.1/STM32CubeIDE/plugins/com.st.stm32cube.ide.mcu.externaltools.gnu-tools-for-stm32.14.3.rel1.win32_1.0.100.202602081740/tools/bin/../lib/gcc/arm-none-eabi/14.3.1/thumb/v7e-m+fp/hard\libgcc.a(_aeabi_uldivmod.o)
                0x08000cc8                __aeabi_uldivmod
 .text          0x08000cf8       0x30 D:/Apps/STM32CubeIDE/STM32CubeIDE_2.1.1/STM32CubeIDE/plugins/com.st.stm32cube.ide.mcu.externaltools.gnu-tools-for-stm32.14.3.rel1.win32_1.0.100.202602081740/tools/bin/../lib/gcc/arm-none-eabi/14.3.1/thumb/v7e-m+fp/hard\libgcc.a(_fixdfdi.o)
                0x08000cf8                __fixdfdi
                0x08000cf8                __aeabi_d2lz
 .text          0x08000d28       0x3c D:/Apps/STM32CubeIDE/STM32CubeIDE_2.1.1/STM32CubeIDE/plugins/com.st.stm32cube.ide.mcu.externaltools.gnu-tools-for-stm32.14.3.rel1.win32_1.0.100.202602081740/tools/bin/../lib/gcc/arm-none-eabi/14.3.1/thumb/v7e-m+fp/hard\libgcc.a(_fixunsdfdi.o)
                0x08000d28                __fixunsdfdi
                0x08000d28                __aeabi_d2ulz
 .text          0x08000d64      0x2f8 D:/Apps/STM32CubeIDE/STM32CubeIDE_2.1.1/STM32CubeIDE/plugins/com.st.stm32cube.ide.mcu.externaltools.gnu-tools-for-stm32.14.3.rel1.win32_1.0.100.202602081740/tools/bin/../lib/gcc/arm-none-eabi/14.3.1/thumb/v7e-m+fp/hard\libgcc.a(_udivmoddi4.o)
                0x08000d64                __udivmoddi4
 .text          0x0800105c        0x4 D:/Apps/STM32CubeIDE/STM32CubeIDE_2.1.1/STM32CubeIDE/plugins/com.st.stm32cube.ide.mcu.externaltools.gnu-tools-for-stm32.14.3.rel1.win32_1.0.100.202602081740/tools/bin/../lib/gcc/arm-none-eabi/14.3.1/thumb/v7e-m+fp/hard\libgcc.a(_dvmd_tls.o)
                0x0800105c                __aeabi_idiv0
                0x0800105c                __aeabi_ldiv0
 *(.text*)
 .text.MX_ADC1_Init
                0x08001060       0xa4 ./Core/Src/adc.o
                0x08001060                MX_ADC1_Init
 .text.HAL_ADC_MspInit
                0x08001104       0x88 ./Core/Src/adc.o
                0x08001104                HAL_ADC_MspInit
 .text.MX_DMA_Init
                0x0800118c       0x7c ./Core/Src/dma.o
                0x0800118c                MX_DMA_Init
 .text.MX_FREERTOS_Init
                0x08001208      0x10c ./Core/Src/freertos.o
                0x08001208                MX_FREERTOS_Init
 .text.StartDefaultTask
                0x08001314      0x5cc ./Core/Src/freertos.o
                0x08001314                StartDefaultTask
 .text.StartTask02
                0x080018e0       0xcc ./Core/Src/freertos.o
                0x080018e0                StartTask02
 .text.StartTask03
                0x080019ac       0x28 ./Core/Src/freertos.o
                0x080019ac                StartTask03
 .text.StartTask04
                0x080019d4      0x1c8 ./Core/Src/freertos.o
                0x080019d4                StartTask04
 .text.StartTask05
                0x08001b9c      0x1c8 ./Core/Src/freertos.o
                0x08001b9c                StartTask05
 .text.MX_GPIO_Init
                0x08001d64      0x118 ./Core/Src/gpio.o
                0x08001d64                MX_GPIO_Init
 .text.MX_I2C1_Init
                0x08001e7c       0x5c ./Core/Src/i2c.o
                0x08001e7c                MX_I2C1_Init
 .text.MX_I2C2_Init
                0x08001ed8       0x5c ./Core/Src/i2c.o
                0x08001ed8                MX_I2C2_Init
 .text.HAL_I2C_MspInit
                0x08001f34      0x13c ./Core/Src/i2c.o
                0x08001f34                HAL_I2C_MspInit
 .text.HAL_I2C_MspDeInit
                0x08002070       0x7c ./Core/Src/i2c.o
                0x08002070                HAL_I2C_MspDeInit
 .text.main     0x080020ec       0x58 ./Core/Src/main.o
                0x080020ec                main
 .text.SystemClock_Config
                0x08002144       0xe4 ./Core/Src/main.o
                0x08002144                SystemClock_Config
 .text.HAL_UARTEx_RxEventCallback
                0x08002228      0x2e4 ./Core/Src/main.o
                0x08002228                HAL_UARTEx_RxEventCallback
 .text.HAL_UART_ErrorCallback
                0x0800250c       0x84 ./Core/Src/main.o
                0x0800250c                HAL_UART_ErrorCallback
 .text.HAL_TIM_PeriodElapsedCallback
                0x08002590      0x1c4 ./Core/Src/main.o
                0x08002590                HAL_TIM_PeriodElapsedCallback
 .text.Error_Handler
                0x08002754        0xc ./Core/Src/main.o
                0x08002754                Error_Handler
 .text.HAL_MspInit
                0x08002760       0x58 ./Core/Src/stm32f4xx_hal_msp.o
                0x08002760                HAL_MspInit
 .text.HAL_InitTick
                0x080027b8       0xf8 ./Core/Src/stm32f4xx_hal_timebase_tim.o
                0x080027b8                HAL_InitTick
 .text.NMI_Handler
                0x080028b0        0x8 ./Core/Src/stm32f4xx_it.o
                0x080028b0                NMI_Handler
 .text.HardFault_Handler
                0x080028b8        0x8 ./Core/Src/stm32f4xx_it.o
                0x080028b8                HardFault_Handler
 .text.MemManage_Handler
                0x080028c0        0x8 ./Core/Src/stm32f4xx_it.o
                0x080028c0                MemManage_Handler
 .text.BusFault_Handler
                0x080028c8        0x8 ./Core/Src/stm32f4xx_it.o
                0x080028c8                BusFault_Handler
 .text.UsageFault_Handler
                0x080028d0        0x8 ./Core/Src/stm32f4xx_it.o
                0x080028d0                UsageFault_Handler
 .text.DebugMon_Handler
                0x080028d8        0xe ./Core/Src/stm32f4xx_it.o
                0x080028d8                DebugMon_Handler
 *fill*         0x080028e6        0x2 
 .text.DMA1_Stream1_IRQHandler
                0x080028e8       0x14 ./Core/Src/stm32f4xx_it.o
                0x080028e8                DMA1_Stream1_IRQHandler
 .text.DMA1_Stream5_IRQHandler
                0x080028fc       0x14 ./Core/Src/stm32f4xx_it.o
                0x080028fc                DMA1_Stream5_IRQHandler
 .text.TIM1_UP_TIM10_IRQHandler
                0x08002910       0x14 ./Core/Src/stm32f4xx_it.o
                0x08002910                TIM1_UP_TIM10_IRQHandler
 .text.USART1_IRQHandler
                0x08002924       0x14 ./Core/Src/stm32f4xx_it.o
                0x08002924                USART1_IRQHandler
 .text.USART2_IRQHandler
                0x08002938       0x14 ./Core/Src/stm32f4xx_it.o
                0x08002938                USART2_IRQHandler
 .text.USART3_IRQHandler
                0x0800294c       0x14 ./Core/Src/stm32f4xx_it.o
                0x0800294c                USART3_IRQHandler
 .text.EXTI15_10_IRQHandler
                0x08002960       0x10 ./Core/Src/stm32f4xx_it.o
                0x08002960                EXTI15_10_IRQHandler
 .text.TIM6_DAC_IRQHandler
                0x08002970       0x14 ./Core/Src/stm32f4xx_it.o
                0x08002970                TIM6_DAC_IRQHandler
 .text.DMA2_Stream2_IRQHandler
                0x08002984       0x14 ./Core/Src/stm32f4xx_it.o
                0x08002984                DMA2_Stream2_IRQHandler
 .text._getpid  0x08002998       0x10 ./Core/Src/syscalls.o
                0x08002998                _getpid
 .text._kill    0x080029a8       0x20 ./Core/Src/syscalls.o
                0x080029a8                _kill
 .text._exit    0x080029c8       0x16 ./Core/Src/syscalls.o
                0x080029c8                _exit
 .text._read    0x080029de       0x3a ./Core/Src/syscalls.o
                0x080029de                _read
 .text._write   0x08002a18       0x38 ./Core/Src/syscalls.o
                0x08002a18                _write
 .text._close   0x08002a50       0x18 ./Core/Src/syscalls.o
                0x08002a50                _close
 .text._fstat   0x08002a68       0x20 ./Core/Src/syscalls.o
                0x08002a68                _fstat
 .text._isatty  0x08002a88       0x16 ./Core/Src/syscalls.o
                0x08002a88                _isatty
 .text._lseek   0x08002a9e       0x1a ./Core/Src/syscalls.o
                0x08002a9e                _lseek
 .text._sbrk    0x08002ab8       0x6c ./Core/Src/sysmem.o
                0x08002ab8                _sbrk
 .text.SystemInit
                0x08002b24       0x24 ./Core/Src/system_stm32f4xx.o
                0x08002b24                SystemInit
 .text.MX_TIM10_Init
                0x08002b48       0x48 ./Core/Src/tim.o
                0x08002b48                MX_TIM10_Init
 .text.HAL_TIM_Base_MspInit
                0x08002b90       0x50 ./Core/Src/tim.o
                0x08002b90                HAL_TIM_Base_MspInit
 .text.MX_USART1_UART_Init
                0x08002be0       0x54 ./Core/Src/usart.o
                0x08002be0                MX_USART1_UART_Init
 .text.MX_USART2_UART_Init
                0x08002c34       0x54 ./Core/Src/usart.o
                0x08002c34                MX_USART2_UART_Init
 .text.MX_USART3_UART_Init
                0x08002c88       0x54 ./Core/Src/usart.o
                0x08002c88                MX_USART3_UART_Init
 .text.HAL_UART_MspInit
                0x08002cdc      0x2c8 ./Core/Src/usart.o
                0x08002cdc                HAL_UART_MspInit
 .text.Reset_Handler
                0x08002fa4       0x50 ./Core/Startup/startup_stm32f446retx.o
                0x08002fa4                Reset_Handler
 .text.Default_Handler
                0x08002ff4        0x2 ./Core/Startup/startup_stm32f446retx.o
                0x08002ff4                RTC_Alarm_IRQHandler
                0x08002ff4                EXTI2_IRQHandler
                0x08002ff4                TIM8_CC_IRQHandler
                0x08002ff4                FMPI2C1_EV_IRQHandler
                0x08002ff4                SPI4_IRQHandler
                0x08002ff4                TIM1_CC_IRQHandler
                0x08002ff4                DMA2_Stream5_IRQHandler
                0x08002ff4                PVD_IRQHandler
                0x08002ff4                SDIO_IRQHandler
                0x08002ff4                TAMP_STAMP_IRQHandler
                0x08002ff4                CAN2_RX1_IRQHandler
                0x08002ff4                EXTI3_IRQHandler
                0x08002ff4                TIM8_TRG_COM_TIM14_IRQHandler
                0x08002ff4                TIM8_UP_TIM13_IRQHandler
                0x08002ff4                I2C3_ER_IRQHandler
                0x08002ff4                EXTI0_IRQHandler
                0x08002ff4                I2C2_EV_IRQHandler
                0x08002ff4                DMA1_Stream2_IRQHandler
                0x08002ff4                CAN1_RX0_IRQHandler
                0x08002ff4                FPU_IRQHandler
                0x08002ff4                OTG_HS_WKUP_IRQHandler
                0x08002ff4                CAN2_SCE_IRQHandler
                0x08002ff4                SPI1_IRQHandler
                0x08002ff4                TIM1_BRK_TIM9_IRQHandler
                0x08002ff4                DCMI_IRQHandler
                0x08002ff4                CAN2_RX0_IRQHandler
                0x08002ff4                DMA2_Stream3_IRQHandler
                0x08002ff4                SAI2_IRQHandler
                0x08002ff4                USART6_IRQHandler
                0x08002ff4                CAN1_RX1_IRQHandler
                0x08002ff4                UART5_IRQHandler
                0x08002ff4                DMA2_Stream0_IRQHandler
                0x08002ff4                TIM4_IRQHandler
                0x08002ff4                QUADSPI_IRQHandler
                0x08002ff4                I2C1_EV_IRQHandler
                0x08002ff4                DMA1_Stream6_IRQHandler
                0x08002ff4                UART4_IRQHandler
                0x08002ff4                TIM3_IRQHandler
                0x08002ff4                RCC_IRQHandler
                0x08002ff4                TIM8_BRK_TIM12_IRQHandler
                0x08002ff4                Default_Handler
                0x08002ff4                CEC_IRQHandler
                0x08002ff4                ADC_IRQHandler
                0x08002ff4                DMA1_Stream7_IRQHandler
                0x08002ff4                TIM7_IRQHandler
                0x08002ff4                CAN2_TX_IRQHandler
                0x08002ff4                TIM5_IRQHandler
                0x08002ff4                DMA2_Stream7_IRQHandler
                0x08002ff4                I2C3_EV_IRQHandler
                0x08002ff4                EXTI9_5_IRQHandler
                0x08002ff4                RTC_WKUP_IRQHandler
                0x08002ff4                SPDIF_RX_IRQHandler
                0x08002ff4                SPI2_IRQHandler
                0x08002ff4                OTG_HS_EP1_IN_IRQHandler
                0x08002ff4                DMA1_Stream0_IRQHandler
                0x08002ff4                CAN1_TX_IRQHandler
                0x08002ff4                FMPI2C1_ER_IRQHandler
                0x08002ff4                EXTI4_IRQHandler
                0x08002ff4                OTG_HS_EP1_OUT_IRQHandler
                0x08002ff4                WWDG_IRQHandler
                0x08002ff4                TIM2_IRQHandler
                0x08002ff4                OTG_FS_WKUP_IRQHandler
                0x08002ff4                TIM1_TRG_COM_TIM11_IRQHandler
                0x08002ff4                OTG_HS_IRQHandler
                0x08002ff4                EXTI1_IRQHandler
                0x08002ff4                I2C2_ER_IRQHandler
                0x08002ff4                DMA2_Stream1_IRQHandler
                0x08002ff4                CAN1_SCE_IRQHandler
                0x08002ff4                FLASH_IRQHandler
                0x08002ff4                DMA2_Stream4_IRQHandler
                0x08002ff4                OTG_FS_IRQHandler
                0x08002ff4                SPI3_IRQHandler
                0x08002ff4                DMA1_Stream4_IRQHandler
                0x08002ff4                I2C1_ER_IRQHandler
                0x08002ff4                FMC_IRQHandler
                0x08002ff4                DMA2_Stream6_IRQHandler
                0x08002ff4                SAI1_IRQHandler
                0x08002ff4                DMA1_Stream3_IRQHandler
 *fill*         0x08002ff6        0x2 
 .text.BSP_LED_Init
                0x08002ff8       0x6c ./Drivers/BSP/STM32F4xx-Nucleo/stm32f4xx_nucleo.o
                0x08002ff8                BSP_LED_Init
 .text.BSP_PB_Init
                0x08003064       0xac ./Drivers/BSP/STM32F4xx-Nucleo/stm32f4xx_nucleo.o
                0x08003064                BSP_PB_Init
 .text.HAL_Init
                0x08003110       0x44 ./Drivers/STM32F4xx_HAL_Driver/Src/stm32f4xx_hal.o
                0x08003110                HAL_Init
 .text.HAL_IncTick
                0x08003154       0x28 ./Drivers/STM32F4xx_HAL_Driver/Src/stm32f4xx_hal.o
                0x08003154                HAL_IncTick
 .text.HAL_GetTick
                0x0800317c       0x18 ./Drivers/STM32F4xx_HAL_Driver/Src/stm32f4xx_hal.o
                0x0800317c                HAL_GetTick
 .text.HAL_ADC_Init
                0x08003194       0x86 ./Drivers/STM32F4xx_HAL_Driver/Src/stm32f4xx_hal_adc.o
                0x08003194                HAL_ADC_Init
 *fill*         0x0800321a        0x2 
 .text.HAL_ADC_Start
                0x0800321c      0x1a4 ./Drivers/STM32F4xx_HAL_Driver/Src/stm32f4xx_hal_adc.o
                0x0800321c                HAL_ADC_Start
 .text.HAL_ADC_Stop
                0x080033c0       0x66 ./Drivers/STM32F4xx_HAL_Driver/Src/stm32f4xx_hal_adc.o
                0x080033c0                HAL_ADC_Stop
 .text.HAL_ADC_PollForConversion
                0x08003426      0x116 ./Drivers/STM32F4xx_HAL_Driver/Src/stm32f4xx_hal_adc.o
                0x08003426                HAL_ADC_PollForConversion
 .text.HAL_ADC_GetValue
                0x0800353c       0x1a ./Drivers/STM32F4xx_HAL_Driver/Src/stm32f4xx_hal_adc.o
                0x0800353c                HAL_ADC_GetValue
 *fill*         0x08003556        0x2 
 .text.HAL_ADC_ConfigChannel
                0x08003558      0x264 ./Drivers/STM32F4xx_HAL_Driver/Src/stm32f4xx_hal_adc.o
                0x08003558                HAL_ADC_ConfigChannel
 .text.ADC_Init
                0x080037bc      0x1f8 ./Drivers/STM32F4xx_HAL_Driver/Src/stm32f4xx_hal_adc.o
 .text.__NVIC_SetPriorityGrouping
                0x080039b4       0x48 ./Drivers/STM32F4xx_HAL_Driver/Src/stm32f4xx_hal_cortex.o
 .text.__NVIC_GetPriorityGrouping
                0x080039fc       0x1c ./Drivers/STM32F4xx_HAL_Driver/Src/stm32f4xx_hal_cortex.o
 .text.__NVIC_EnableIRQ
                0x08003a18       0x3c ./Drivers/STM32F4xx_HAL_Driver/Src/stm32f4xx_hal_cortex.o
 .text.__NVIC_SetPriority
                0x08003a54       0x54 ./Drivers/STM32F4xx_HAL_Driver/Src/stm32f4xx_hal_cortex.o
 .text.NVIC_EncodePriority
                0x08003aa8       0x66 ./Drivers/STM32F4xx_HAL_Driver/Src/stm32f4xx_hal_cortex.o
 .text.HAL_NVIC_SetPriorityGrouping
                0x08003b0e       0x16 ./Drivers/STM32F4xx_HAL_Driver/Src/stm32f4xx_hal_cortex.o
                0x08003b0e                HAL_NVIC_SetPriorityGrouping
 .text.HAL_NVIC_SetPriority
                0x08003b24       0x38 ./Drivers/STM32F4xx_HAL_Driver/Src/stm32f4xx_hal_cortex.o
                0x08003b24                HAL_NVIC_SetPriority
 .text.HAL_NVIC_EnableIRQ
                0x08003b5c       0x1c ./Drivers/STM32F4xx_HAL_Driver/Src/stm32f4xx_hal_cortex.o
                0x08003b5c                HAL_NVIC_EnableIRQ
 .text.HAL_DMA_Init
                0x08003b78      0x15c ./Drivers/STM32F4xx_HAL_Driver/Src/stm32f4xx_hal_dma.o
                0x08003b78                HAL_DMA_Init
 .text.HAL_DMA_Start_IT
                0x08003cd4       0xb0 ./Drivers/STM32F4xx_HAL_Driver/Src/stm32f4xx_hal_dma.o
                0x08003cd4                HAL_DMA_Start_IT
 .text.HAL_DMA_Abort
                0x08003d84       0xe0 ./Drivers/STM32F4xx_HAL_Driver/Src/stm32f4xx_hal_dma.o
                0x08003d84                HAL_DMA_Abort
 .text.HAL_DMA_Abort_IT
                0x08003e64       0x44 ./Drivers/STM32F4xx_HAL_Driver/Src/stm32f4xx_hal_dma.o
                0x08003e64                HAL_DMA_Abort_IT
 .text.HAL_DMA_IRQHandler
                0x08003ea8      0x314 ./Drivers/STM32F4xx_HAL_Driver/Src/stm32f4xx_hal_dma.o
                0x08003ea8                HAL_DMA_IRQHandler
 .text.DMA_SetConfig
                0x080041bc       0x5c ./Drivers/STM32F4xx_HAL_Driver/Src/stm32f4xx_hal_dma.o
 .text.DMA_CalcBaseAndBitshift
                0x08004218       0x6c ./Drivers/STM32F4xx_HAL_Driver/Src/stm32f4xx_hal_dma.o
 .text.DMA_CheckFifoParam
                0x08004284       0xf8 ./Drivers/STM32F4xx_HAL_Driver/Src/stm32f4xx_hal_dma.o
 .text.HAL_GPIO_Init
                0x0800437c      0x328 ./Drivers/STM32F4xx_HAL_Driver/Src/stm32f4xx_hal_gpio.o
                0x0800437c                HAL_GPIO_Init
 .text.HAL_GPIO_DeInit
                0x080046a4      0x1e8 ./Drivers/STM32F4xx_HAL_Driver/Src/stm32f4xx_hal_gpio.o
                0x080046a4                HAL_GPIO_DeInit
 .text.HAL_GPIO_WritePin
                0x0800488c       0x32 ./Drivers/STM32F4xx_HAL_Driver/Src/stm32f4xx_hal_gpio.o
                0x0800488c                HAL_GPIO_WritePin
 *fill*         0x080048be        0x2 
 .text.HAL_GPIO_EXTI_IRQHandler
                0x080048c0       0x30 ./Drivers/STM32F4xx_HAL_Driver/Src/stm32f4xx_hal_gpio.o
                0x080048c0                HAL_GPIO_EXTI_IRQHandler
 .text.HAL_GPIO_EXTI_Callback
                0x080048f0       0x16 ./Drivers/STM32F4xx_HAL_Driver/Src/stm32f4xx_hal_gpio.o
                0x080048f0                HAL_GPIO_EXTI_Callback
 *fill*         0x08004906        0x2 
 .text.HAL_I2C_Init
                0x08004908      0x288 ./Drivers/STM32F4xx_HAL_Driver/Src/stm32f4xx_hal_i2c.o
                0x08004908                HAL_I2C_Init
 .text.HAL_I2C_DeInit
                0x08004b90       0x5e ./Drivers/STM32F4xx_HAL_Driver/Src/stm32f4xx_hal_i2c.o
                0x08004b90                HAL_I2C_DeInit
 *fill*         0x08004bee        0x2 
 .text.HAL_I2C_Mem_Read
                0x08004bf0      0x464 ./Drivers/STM32F4xx_HAL_Driver/Src/stm32f4xx_hal_i2c.o
                0x08004bf0                HAL_I2C_Mem_Read
 .text.I2C_RequestMemoryRead
                0x08005054      0x1d0 ./Drivers/STM32F4xx_HAL_Driver/Src/stm32f4xx_hal_i2c.o
 .text.I2C_WaitOnFlagUntilTimeout
                0x08005224       0xf4 ./Drivers/STM32F4xx_HAL_Driver/Src/stm32f4xx_hal_i2c.o
 .text.I2C_WaitOnMasterAddressFlagUntilTimeout
                0x08005318      0x140 ./Drivers/STM32F4xx_HAL_Driver/Src/stm32f4xx_hal_i2c.o
 .text.I2C_WaitOnTXEFlagUntilTimeout
                0x08005458       0x90 ./Drivers/STM32F4xx_HAL_Driver/Src/stm32f4xx_hal_i2c.o
 .text.I2C_WaitOnRXNEFlagUntilTimeout
                0x080054e8       0xba ./Drivers/STM32F4xx_HAL_Driver/Src/stm32f4xx_hal_i2c.o
 .text.I2C_IsAcknowledgeFailed
                0x080055a2       0x5e ./Drivers/STM32F4xx_HAL_Driver/Src/stm32f4xx_hal_i2c.o
 .text.HAL_PWREx_EnableOverDrive
                0x08005600       0xa0 ./Drivers/STM32F4xx_HAL_Driver/Src/stm32f4xx_hal_pwr_ex.o
                0x08005600                HAL_PWREx_EnableOverDrive
 .text.HAL_RCC_ClockConfig
                0x080056a0      0x1cc ./Drivers/STM32F4xx_HAL_Driver/Src/stm32f4xx_hal_rcc.o
                0x080056a0                HAL_RCC_ClockConfig
 .text.HAL_RCC_GetHCLKFreq
                0x0800586c       0x18 ./Drivers/STM32F4xx_HAL_Driver/Src/stm32f4xx_hal_rcc.o
                0x0800586c                HAL_RCC_GetHCLKFreq
 .text.HAL_RCC_GetPCLK1Freq
                0x08005884       0x28 ./Drivers/STM32F4xx_HAL_Driver/Src/stm32f4xx_hal_rcc.o
                0x08005884                HAL_RCC_GetPCLK1Freq
 .text.HAL_RCC_GetPCLK2Freq
                0x080058ac       0x28 ./Drivers/STM32F4xx_HAL_Driver/Src/stm32f4xx_hal_rcc.o
                0x080058ac                HAL_RCC_GetPCLK2Freq
 .text.HAL_RCC_GetClockConfig
                0x080058d4       0x64 ./Drivers/STM32F4xx_HAL_Driver/Src/stm32f4xx_hal_rcc.o
                0x080058d4                HAL_RCC_GetClockConfig
 .text.HAL_RCC_GetSysClockFreq
                0x08005938      0x460 ./Drivers/STM32F4xx_HAL_Driver/Src/stm32f4xx_hal_rcc_ex.o
                0x08005938                HAL_RCC_GetSysClockFreq
 .text.HAL_RCC_OscConfig
                0x08005d98      0x53c ./Drivers/STM32F4xx_HAL_Driver/Src/stm32f4xx_hal_rcc_ex.o
                0x08005d98                HAL_RCC_OscConfig
 .text.HAL_TIM_Base_Init
                0x080062d4       0x9e ./Drivers/STM32F4xx_HAL_Driver/Src/stm32f4xx_hal_tim.o
                0x080062d4                HAL_TIM_Base_Init
 *fill*         0x08006372        0x2 
 .text.HAL_TIM_Base_Start_IT
                0x08006374       0xe0 ./Drivers/STM32F4xx_HAL_Driver/Src/stm32f4xx_hal_tim.o
                0x08006374                HAL_TIM_Base_Start_IT
 .text.HAL_TIM_IRQHandler
                0x08006454      0x1e0 ./Drivers/STM32F4xx_HAL_Driver/Src/stm32f4xx_hal_tim.o
                0x08006454                HAL_TIM_IRQHandler
 .text.HAL_TIM_OC_DelayElapsedCallback
                0x08006634       0x14 ./Drivers/STM32F4xx_HAL_Driver/Src/stm32f4xx_hal_tim.o
                0x08006634                HAL_TIM_OC_DelayElapsedCallback
 .text.HAL_TIM_IC_CaptureCallback
                0x08006648       0x14 ./Drivers/STM32F4xx_HAL_Driver/Src/stm32f4xx_hal_tim.o
                0x08006648                HAL_TIM_IC_CaptureCallback
 .text.HAL_TIM_PWM_PulseFinishedCallback
                0x0800665c       0x14 ./Drivers/STM32F4xx_HAL_Driver/Src/stm32f4xx_hal_tim.o
                0x0800665c                HAL_TIM_PWM_PulseFinishedCallback
 .text.HAL_TIM_TriggerCallback
                0x08006670       0x14 ./Drivers/STM32F4xx_HAL_Driver/Src/stm32f4xx_hal_tim.o
                0x08006670                HAL_TIM_TriggerCallback
 .text.TIM_Base_SetConfig
                0x08006684      0x14c ./Drivers/STM32F4xx_HAL_Driver/Src/stm32f4xx_hal_tim.o
                0x08006684                TIM_Base_SetConfig
 .text.HAL_TIMEx_CommutCallback
                0x080067d0       0x14 ./Drivers/STM32F4xx_HAL_Driver/Src/stm32f4xx_hal_tim_ex.o
                0x080067d0                HAL_TIMEx_CommutCallback
 .text.HAL_TIMEx_BreakCallback
                0x080067e4       0x14 ./Drivers/STM32F4xx_HAL_Driver/Src/stm32f4xx_hal_tim_ex.o
                0x080067e4                HAL_TIMEx_BreakCallback
 .text.HAL_UART_Init
                0x080067f8       0xa0 ./Drivers/STM32F4xx_HAL_Driver/Src/stm32f4xx_hal_uart.o
                0x080067f8                HAL_UART_Init
 .text.HAL_UART_Transmit
                0x08006898      0x116 ./Drivers/STM32F4xx_HAL_Driver/Src/stm32f4xx_hal_uart.o
                0x08006898                HAL_UART_Transmit
 .text.HAL_UARTEx_ReceiveToIdle_DMA
                0x080069ae       0xb2 ./Drivers/STM32F4xx_HAL_Driver/Src/stm32f4xx_hal_uart.o
                0x080069ae                HAL_UARTEx_ReceiveToIdle_DMA
 .text.HAL_UART_IRQHandler
                0x08006a60      0x554 ./Drivers/STM32F4xx_HAL_Driver/Src/stm32f4xx_hal_uart.o
                0x08006a60                HAL_UART_IRQHandler
 .text.HAL_UART_TxCpltCallback
                0x08006fb4       0x14 ./Drivers/STM32F4xx_HAL_Driver/Src/stm32f4xx_hal_uart.o
                0x08006fb4                HAL_UART_TxCpltCallback
 .text.HAL_UART_RxCpltCallback
                0x08006fc8       0x14 ./Drivers/STM32F4xx_HAL_Driver/Src/stm32f4xx_hal_uart.o
                0x08006fc8                HAL_UART_RxCpltCallback
 .text.HAL_UART_RxHalfCpltCallback
                0x08006fdc       0x14 ./Drivers/STM32F4xx_HAL_Driver/Src/stm32f4xx_hal_uart.o
                0x08006fdc                HAL_UART_RxHalfCpltCallback
 .text.UART_DMAReceiveCplt
                0x08006ff0      0x12c ./Drivers/STM32F4xx_HAL_Driver/Src/stm32f4xx_hal_uart.o
 .text.UART_DMARxHalfCplt
                0x0800711c       0x3c ./Drivers/STM32F4xx_HAL_Driver/Src/stm32f4xx_hal_uart.o
 .text.UART_DMAError
                0x08007158       0x94 ./Drivers/STM32F4xx_HAL_Driver/Src/stm32f4xx_hal_uart.o
 .text.UART_WaitOnFlagUntilTimeout
                0x080071ec       0xb2 ./Drivers/STM32F4xx_HAL_Driver/Src/stm32f4xx_hal_uart.o
 *fill*         0x0800729e        0x2 
 .text.UART_Start_Receive_DMA
                0x080072a0      0x14c ./Drivers/STM32F4xx_HAL_Driver/Src/stm32f4xx_hal_uart.o
                0x080072a0                UART_Start_Receive_DMA
 .text.UART_EndTxTransfer
                0x080073ec       0x50 ./Drivers/STM32F4xx_HAL_Driver/Src/stm32f4xx_hal_uart.o
 .text.UART_EndRxTransfer
                0x0800743c       0xc6 ./Drivers/STM32F4xx_HAL_Driver/Src/stm32f4xx_hal_uart.o
 .text.UART_DMAAbortOnError
                0x08007502       0x22 ./Drivers/STM32F4xx_HAL_Driver/Src/stm32f4xx_hal_uart.o
 .text.UART_Transmit_IT
                0x08007524       0xa0 ./Drivers/STM32F4xx_HAL_Driver/Src/stm32f4xx_hal_uart.o
 .text.UART_EndTransmit_IT
                0x080075c4       0x30 ./Drivers/STM32F4xx_HAL_Driver/Src/stm32f4xx_hal_uart.o
 .text.UART_Receive_IT
                0x080075f4      0x17c ./Drivers/STM32F4xx_HAL_Driver/Src/stm32f4xx_hal_uart.o
 .text.UART_SetConfig
                0x08007770      0x4e8 ./Drivers/STM32F4xx_HAL_Driver/Src/stm32f4xx_hal_uart.o
 .text.__NVIC_SetPriority
                0x08007c58       0x54 ./Middlewares/Third_Party/FreeRTOS/Source/CMSIS_RTOS_V2/cmsis_os2.o
 .text.SysTick_Handler
                0x08007cac       0x20 ./Middlewares/Third_Party/FreeRTOS/Source/CMSIS_RTOS_V2/cmsis_os2.o
                0x08007cac                SysTick_Handler
 .text.SVC_Setup
                0x08007ccc       0x12 ./Middlewares/Third_Party/FreeRTOS/Source/CMSIS_RTOS_V2/cmsis_os2.o
 *fill*         0x08007cde        0x2 
 .text.osKernelInitialize
                0x08007ce0       0x48 ./Middlewares/Third_Party/FreeRTOS/Source/CMSIS_RTOS_V2/cmsis_os2.o
                0x08007ce0                osKernelInitialize
 .text.osKernelStart
                0x08007d28       0x4c ./Middlewares/Third_Party/FreeRTOS/Source/CMSIS_RTOS_V2/cmsis_os2.o
                0x08007d28                osKernelStart
 .text.osKernelGetTickCount
                0x08007d74       0x2a ./Middlewares/Third_Party/FreeRTOS/Source/CMSIS_RTOS_V2/cmsis_os2.o
                0x08007d74                osKernelGetTickCount
 .text.osThreadNew
                0x08007d9e      0x124 ./Middlewares/Third_Party/FreeRTOS/Source/CMSIS_RTOS_V2/cmsis_os2.o
                0x08007d9e                osThreadNew
 *fill*         0x08007ec2        0x2 
 .text.osThreadFlagsSet
                0x08007ec4       0x9c ./Middlewares/Third_Party/FreeRTOS/Source/CMSIS_RTOS_V2/cmsis_os2.o
                0x08007ec4                osThreadFlagsSet
 .text.osThreadFlagsWait
                0x08007f60      0x102 ./Middlewares/Third_Party/FreeRTOS/Source/CMSIS_RTOS_V2/cmsis_os2.o
                0x08007f60                osThreadFlagsWait
 .text.osDelay  0x08008062       0x36 ./Middlewares/Third_Party/FreeRTOS/Source/CMSIS_RTOS_V2/cmsis_os2.o
                0x08008062                osDelay
 .text.osSemaphoreNew
                0x08008098      0x112 ./Middlewares/Third_Party/FreeRTOS/Source/CMSIS_RTOS_V2/cmsis_os2.o
                0x08008098                osSemaphoreNew
 *fill*         0x080081aa        0x2 
 .text.osSemaphoreAcquire
                0x080081ac       0xa4 ./Middlewares/Third_Party/FreeRTOS/Source/CMSIS_RTOS_V2/cmsis_os2.o
                0x080081ac                osSemaphoreAcquire
 .text.osSemaphoreRelease
                0x08008250       0x88 ./Middlewares/Third_Party/FreeRTOS/Source/CMSIS_RTOS_V2/cmsis_os2.o
                0x08008250                osSemaphoreRelease
 .text.osMessageQueueNew
                0x080082d8       0xe6 ./Middlewares/Third_Party/FreeRTOS/Source/CMSIS_RTOS_V2/cmsis_os2.o
                0x080082d8                osMessageQueueNew
 *fill*         0x080083be        0x2 
 .text.osMessageQueuePut
                0x080083c0       0xc0 ./Middlewares/Third_Party/FreeRTOS/Source/CMSIS_RTOS_V2/cmsis_os2.o
                0x080083c0                osMessageQueuePut
 .text.osMessageQueueGet
                0x08008480       0xbc ./Middlewares/Third_Party/FreeRTOS/Source/CMSIS_RTOS_V2/cmsis_os2.o
                0x08008480                osMessageQueueGet
 .text.vApplicationGetIdleTaskMemory
                0x0800853c       0x34 ./Middlewares/Third_Party/FreeRTOS/Source/CMSIS_RTOS_V2/cmsis_os2.o
                0x0800853c                vApplicationGetIdleTaskMemory
 .text.vApplicationGetTimerTaskMemory
                0x08008570       0x34 ./Middlewares/Third_Party/FreeRTOS/Source/CMSIS_RTOS_V2/cmsis_os2.o
                0x08008570                vApplicationGetTimerTaskMemory
 .text.vListInitialise
                0x080085a4       0x40 ./Middlewares/Third_Party/FreeRTOS/Source/list.o
                0x080085a4                vListInitialise
 .text.vListInitialiseItem
                0x080085e4       0x1a ./Middlewares/Third_Party/FreeRTOS/Source/list.o
                0x080085e4                vListInitialiseItem
 .text.vListInsertEnd
                0x080085fe       0x48 ./Middlewares/Third_Party/FreeRTOS/Source/list.o
                0x080085fe                vListInsertEnd
 .text.vListInsert
                0x08008646       0x72 ./Middlewares/Third_Party/FreeRTOS/Source/list.o
                0x08008646                vListInsert
 .text.uxListRemove
                0x080086b8       0x54 ./Middlewares/Third_Party/FreeRTOS/Source/list.o
                0x080086b8                uxListRemove
 .text.xQueueGenericReset
                0x0800870c       0xd4 ./Middlewares/Third_Party/FreeRTOS/Source/queue.o
                0x0800870c                xQueueGenericReset
 .text.xQueueGenericCreateStatic
                0x080087e0       0xfa ./Middlewares/Third_Party/FreeRTOS/Source/queue.o
                0x080087e0                xQueueGenericCreateStatic
 .text.xQueueGenericCreate
                0x080088da       0x76 ./Middlewares/Third_Party/FreeRTOS/Source/queue.o
                0x080088da                xQueueGenericCreate
 .text.prvInitialiseNewQueue
                0x08008950       0x46 ./Middlewares/Third_Party/FreeRTOS/Source/queue.o
 .text.xQueueCreateCountingSemaphoreStatic
                0x08008996       0x72 ./Middlewares/Third_Party/FreeRTOS/Source/queue.o
                0x08008996                xQueueCreateCountingSemaphoreStatic
 .text.xQueueCreateCountingSemaphore
                0x08008a08       0x6a ./Middlewares/Third_Party/FreeRTOS/Source/queue.o
                0x08008a08                xQueueCreateCountingSemaphore
 *fill*         0x08008a72        0x2 
 .text.xQueueGenericSend
                0x08008a74      0x204 ./Middlewares/Third_Party/FreeRTOS/Source/queue.o
                0x08008a74                xQueueGenericSend
 .text.xQueueGenericSendFromISR
                0x08008c78      0x13c ./Middlewares/Third_Party/FreeRTOS/Source/queue.o
                0x08008c78                xQueueGenericSendFromISR
 .text.xQueueGiveFromISR
                0x08008db4      0x120 ./Middlewares/Third_Party/FreeRTOS/Source/queue.o
                0x08008db4                xQueueGiveFromISR
 .text.xQueueReceive
                0x08008ed4      0x1c4 ./Middlewares/Third_Party/FreeRTOS/Source/queue.o
                0x08008ed4                xQueueReceive
 .text.xQueueSemaphoreTake
                0x08009098      0x220 ./Middlewares/Third_Party/FreeRTOS/Source/queue.o
                0x08009098                xQueueSemaphoreTake
 .text.xQueueReceiveFromISR
                0x080092b8      0x104 ./Middlewares/Third_Party/FreeRTOS/Source/queue.o
                0x080092b8                xQueueReceiveFromISR
 .text.vQueueDelete
                0x080093bc       0x48 ./Middlewares/Third_Party/FreeRTOS/Source/queue.o
                0x080093bc                vQueueDelete
 .text.prvGetDisinheritPriorityAfterTimeout
                0x08009404       0x30 ./Middlewares/Third_Party/FreeRTOS/Source/queue.o
 .text.prvCopyDataToQueue
                0x08009434       0xd4 ./Middlewares/Third_Party/FreeRTOS/Source/queue.o
 .text.prvCopyDataFromQueue
                0x08009508       0x4c ./Middlewares/Third_Party/FreeRTOS/Source/queue.o
 .text.prvUnlockQueue
                0x08009554       0xa4 ./Middlewares/Third_Party/FreeRTOS/Source/queue.o
 .text.prvIsQueueEmpty
                0x080095f8       0x2c ./Middlewares/Third_Party/FreeRTOS/Source/queue.o
 .text.prvIsQueueFull
                0x08009624       0x30 ./Middlewares/Third_Party/FreeRTOS/Source/queue.o
 .text.vQueueAddToRegistry
                0x08009654       0x54 ./Middlewares/Third_Party/FreeRTOS/Source/queue.o
                0x08009654                vQueueAddToRegistry
 .text.vQueueUnregisterQueue
                0x080096a8       0x54 ./Middlewares/Third_Party/FreeRTOS/Source/queue.o
                0x080096a8                vQueueUnregisterQueue
 .text.vQueueWaitForMessageRestricted
                0x080096fc       0x68 ./Middlewares/Third_Party/FreeRTOS/Source/queue.o
                0x080096fc                vQueueWaitForMessageRestricted
 .text.xTaskCreateStatic
                0x08009764       0xc0 ./Middlewares/Third_Party/FreeRTOS/Source/tasks.o
                0x08009764                xTaskCreateStatic
 .text.xTaskCreate
                0x08009824       0x8a ./Middlewares/Third_Party/FreeRTOS/Source/tasks.o
                0x08009824                xTaskCreate
 *fill*         0x080098ae        0x2 
 .text.prvInitialiseNewTask
                0x080098b0      0x150 ./Middlewares/Third_Party/FreeRTOS/Source/tasks.o
 .text.prvAddNewTaskToReadyList
                0x08009a00       0xe0 ./Middlewares/Third_Party/FreeRTOS/Source/tasks.o
 .text.vTaskDelay
                0x08009ae0       0x6c ./Middlewares/Third_Party/FreeRTOS/Source/tasks.o
                0x08009ae0                vTaskDelay
 .text.vTaskStartScheduler
                0x08009b4c       0xe0 ./Middlewares/Third_Party/FreeRTOS/Source/tasks.o
                0x08009b4c                vTaskStartScheduler
 .text.vTaskSuspendAll
                0x08009c2c       0x1c ./Middlewares/Third_Party/FreeRTOS/Source/tasks.o
                0x08009c2c                vTaskSuspendAll
 .text.xTaskResumeAll
                0x08009c48      0x13c ./Middlewares/Third_Party/FreeRTOS/Source/tasks.o
                0x08009c48                xTaskResumeAll
 .text.xTaskGetTickCount
                0x08009d84       0x20 ./Middlewares/Third_Party/FreeRTOS/Source/tasks.o
                0x08009d84                xTaskGetTickCount
 .text.xTaskGetTickCountFromISR
                0x08009da4       0x24 ./Middlewares/Third_Party/FreeRTOS/Source/tasks.o
                0x08009da4                xTaskGetTickCountFromISR
 .text.xTaskIncrementTick
                0x08009dc8      0x174 ./Middlewares/Third_Party/FreeRTOS/Source/tasks.o
                0x08009dc8                xTaskIncrementTick
 .text.vTaskSwitchContext
                0x08009f3c       0xcc ./Middlewares/Third_Party/FreeRTOS/Source/tasks.o
                0x08009f3c                vTaskSwitchContext
 .text.vTaskPlaceOnEventList
                0x0800a008       0x4c ./Middlewares/Third_Party/FreeRTOS/Source/tasks.o
                0x0800a008                vTaskPlaceOnEventList
 .text.vTaskPlaceOnEventListRestricted
                0x0800a054       0x58 ./Middlewares/Third_Party/FreeRTOS/Source/tasks.o
                0x0800a054                vTaskPlaceOnEventListRestricted
 .text.xTaskRemoveFromEventList
                0x0800a0ac       0xc8 ./Middlewares/Third_Party/FreeRTOS/Source/tasks.o
                0x0800a0ac                xTaskRemoveFromEventList
 .text.vTaskInternalSetTimeOutState
                0x0800a174       0x2c ./Middlewares/Third_Party/FreeRTOS/Source/tasks.o
                0x0800a174                vTaskInternalSetTimeOutState
 .text.xTaskCheckForTimeOut
                0x0800a1a0       0xc8 ./Middlewares/Third_Party/FreeRTOS/Source/tasks.o
                0x0800a1a0                xTaskCheckForTimeOut
 .text.vTaskMissedYield
                0x0800a268       0x18 ./Middlewares/Third_Party/FreeRTOS/Source/tasks.o
                0x0800a268                vTaskMissedYield
 .text.prvIdleTask
                0x0800a280       0x30 ./Middlewares/Third_Party/FreeRTOS/Source/tasks.o
 .text.prvInitialiseTaskLists
                0x0800a2b0       0x80 ./Middlewares/Third_Party/FreeRTOS/Source/tasks.o
 .text.prvCheckTasksWaitingTermination
                0x0800a330       0x5c ./Middlewares/Third_Party/FreeRTOS/Source/tasks.o
 .text.prvDeleteTCB
                0x0800a38c       0x6a ./Middlewares/Third_Party/FreeRTOS/Source/tasks.o
 *fill*         0x0800a3f6        0x2 
 .text.prvResetNextTaskUnblockTime
                0x0800a3f8       0x40 ./Middlewares/Third_Party/FreeRTOS/Source/tasks.o
 .text.xTaskGetSchedulerState
                0x0800a438       0x3c ./Middlewares/Third_Party/FreeRTOS/Source/tasks.o
                0x0800a438                xTaskGetSchedulerState
 .text.xTaskPriorityInherit
                0x0800a474       0xd0 ./Middlewares/Third_Party/FreeRTOS/Source/tasks.o
                0x0800a474                xTaskPriorityInherit
 .text.xTaskPriorityDisinherit
                0x0800a544       0xe0 ./Middlewares/Third_Party/FreeRTOS/Source/tasks.o
                0x0800a544                xTaskPriorityDisinherit
 .text.vTaskPriorityDisinheritAfterTimeout
                0x0800a624      0x108 ./Middlewares/Third_Party/FreeRTOS/Source/tasks.o
                0x0800a624                vTaskPriorityDisinheritAfterTimeout
 .text.pvTaskIncrementMutexHeldCount
                0x0800a72c       0x28 ./Middlewares/Third_Party/FreeRTOS/Source/tasks.o
                0x0800a72c                pvTaskIncrementMutexHeldCount
 .text.xTaskNotifyWait
                0x0800a754       0xc0 ./Middlewares/Third_Party/FreeRTOS/Source/tasks.o
                0x0800a754                xTaskNotifyWait
 .text.xTaskGenericNotify
                0x0800a814      0x184 ./Middlewares/Third_Party/FreeRTOS/Source/tasks.o
                0x0800a814                xTaskGenericNotify
 .text.xTaskGenericNotifyFromISR
                0x0800a998      0x1cc ./Middlewares/Third_Party/FreeRTOS/Source/tasks.o
                0x0800a998                xTaskGenericNotifyFromISR
 .text.prvAddCurrentTaskToDelayedList
                0x0800ab64       0xa8 ./Middlewares/Third_Party/FreeRTOS/Source/tasks.o
 .text.xTimerCreateTimerTask
                0x0800ac0c       0x94 ./Middlewares/Third_Party/FreeRTOS/Source/timers.o
                0x0800ac0c                xTimerCreateTimerTask
 .text.xTimerGenericCommand
                0x0800aca0       0x9c ./Middlewares/Third_Party/FreeRTOS/Source/timers.o
                0x0800aca0                xTimerGenericCommand
 .text.prvProcessExpiredTimer
                0x0800ad3c       0x9c ./Middlewares/Third_Party/FreeRTOS/Source/timers.o
 .text.prvTimerTask
                0x0800add8       0x26 ./Middlewares/Third_Party/FreeRTOS/Source/timers.o
 *fill*         0x0800adfe        0x2 
 .text.prvProcessTimerOrBlockTask
                0x0800ae00       0x9c ./Middlewares/Third_Party/FreeRTOS/Source/timers.o
 .text.prvGetNextExpireTime
                0x0800ae9c       0x48 ./Middlewares/Third_Party/FreeRTOS/Source/timers.o
 .text.prvSampleTimeNow
                0x0800aee4       0x40 ./Middlewares/Third_Party/FreeRTOS/Source/timers.o
 .text.prvInsertTimerInActiveList
                0x0800af24       0x84 ./Middlewares/Third_Party/FreeRTOS/Source/timers.o
 .text.prvProcessReceivedCommands
                0x0800afa8      0x1cc ./Middlewares/Third_Party/FreeRTOS/Source/timers.o
 .text.prvSwitchTimerLists
                0x0800b174       0xcc ./Middlewares/Third_Party/FreeRTOS/Source/timers.o
 .text.prvCheckForValidListAndQueue
                0x0800b240       0x80 ./Middlewares/Third_Party/FreeRTOS/Source/timers.o
 .text.pxPortInitialiseStack
                0x0800b2c0       0x68 ./Middlewares/Third_Party/FreeRTOS/Source/portable/GCC/ARM_CM4F/port.o
                0x0800b2c0                pxPortInitialiseStack
 .text.prvTaskExitError
                0x0800b328       0x5c ./Middlewares/Third_Party/FreeRTOS/Source/portable/GCC/ARM_CM4F/port.o
 *fill*         0x0800b384        0xc 
 .text.SVC_Handler
                0x0800b390       0x28 ./Middlewares/Third_Party/FreeRTOS/Source/portable/GCC/ARM_CM4F/port.o
                0x0800b390                SVC_Handler
 .text.prvPortStartFirstTask
                0x0800b3b8       0x28 ./Middlewares/Third_Party/FreeRTOS/Source/portable/GCC/ARM_CM4F/port.o
 .text.xPortStartScheduler
                0x0800b3e0      0x148 ./Middlewares/Third_Party/FreeRTOS/Source/portable/GCC/ARM_CM4F/port.o
                0x0800b3e0                xPortStartScheduler
 .text.vPortEnterCritical
                0x0800b528       0x64 ./Middlewares/Third_Party/FreeRTOS/Source/portable/GCC/ARM_CM4F/port.o
                0x0800b528                vPortEnterCritical
 .text.vPortExitCritical
                0x0800b58c       0x54 ./Middlewares/Third_Party/FreeRTOS/Source/portable/GCC/ARM_CM4F/port.o
                0x0800b58c                vPortExitCritical
 .text.PendSV_Handler
                0x0800b5e0       0x68 ./Middlewares/Third_Party/FreeRTOS/Source/portable/GCC/ARM_CM4F/port.o
                0x0800b5e0                PendSV_Handler
 .text.xPortSysTickHandler
                0x0800b648       0x44 ./Middlewares/Third_Party/FreeRTOS/Source/portable/GCC/ARM_CM4F/port.o
                0x0800b648                xPortSysTickHandler
 .text.vPortSetupTimerInterrupt
                0x0800b68c       0x48 ./Middlewares/Third_Party/FreeRTOS/Source/portable/GCC/ARM_CM4F/port.o
                0x0800b68c                vPortSetupTimerInterrupt
 .text.vPortEnableVFP
                0x0800b6d4       0x14 ./Middlewares/Third_Party/FreeRTOS/Source/portable/GCC/ARM_CM4F/port.o
 .text.vPortValidateInterruptPriority
                0x0800b6e8       0x84 ./Middlewares/Third_Party/FreeRTOS/Source/portable/GCC/ARM_CM4F/port.o
                0x0800b6e8                vPortValidateInterruptPriority
 .text.pvPortMalloc
                0x0800b76c      0x19c ./Middlewares/Third_Party/FreeRTOS/Source/portable/MemMang/heap_4.o
                0x0800b76c                pvPortMalloc
 .text.vPortFree
                0x0800b908       0xc8 ./Middlewares/Third_Party/FreeRTOS/Source/portable/MemMang/heap_4.o
                0x0800b908                vPortFree
 .text.prvHeapInit
                0x0800b9d0       0xc4 ./Middlewares/Third_Party/FreeRTOS/Source/portable/MemMang/heap_4.o
 .text.prvInsertBlockIntoFreeList
                0x0800ba94       0xb4 ./Middlewares/Third_Party/FreeRTOS/Source/portable/MemMang/heap_4.o
 .text.__cvt    0x0800bb48       0xca D:/Apps/STM32CubeIDE/STM32CubeIDE_2.1.1/STM32CubeIDE/plugins/com.st.stm32cube.ide.mcu.externaltools.gnu-tools-for-stm32.14.3.rel1.win32_1.0.100.202602081740/tools/bin/../lib/gcc/arm-none-eabi/14.3.1/../../../../arm-none-eabi/lib/thumb/v7e-m+fp/hard\libc_nano.a(libc_a-nano-vfprintf_float.o)
                0x0800bb48                __cvt
 .text.__exponent
                0x0800bc12       0x74 D:/Apps/STM32CubeIDE/STM32CubeIDE_2.1.1/STM32CubeIDE/plugins/com.st.stm32cube.ide.mcu.externaltools.gnu-tools-for-stm32.14.3.rel1.win32_1.0.100.202602081740/tools/bin/../lib/gcc/arm-none-eabi/14.3.1/../../../../arm-none-eabi/lib/thumb/v7e-m+fp/hard\libc_nano.a(libc_a-nano-vfprintf_float.o)
                0x0800bc12                __exponent
 *fill*         0x0800bc86        0x2 
 .text._printf_float
                0x0800bc88      0x450 D:/Apps/STM32CubeIDE/STM32CubeIDE_2.1.1/STM32CubeIDE/plugins/com.st.stm32cube.ide.mcu.externaltools.gnu-tools-for-stm32.14.3.rel1.win32_1.0.100.202602081740/tools/bin/../lib/gcc/arm-none-eabi/14.3.1/../../../../arm-none-eabi/lib/thumb/v7e-m+fp/hard\libc_nano.a(libc_a-nano-vfprintf_float.o)
                0x0800bc88                _printf_float
 .text._printf_common
                0x0800c0d8       0xda D:/Apps/STM32CubeIDE/STM32CubeIDE_2.1.1/STM32CubeIDE/plugins/com.st.stm32cube.ide.mcu.externaltools.gnu-tools-for-stm32.14.3.rel1.win32_1.0.100.202602081740/tools/bin/../lib/gcc/arm-none-eabi/14.3.1/../../../../arm-none-eabi/lib/thumb/v7e-m+fp/hard\libc_nano.a(libc_a-nano-vfprintf_i.o)
                0x0800c0d8                _printf_common
 *fill*         0x0800c1b2        0x2 
 .text._printf_i
                0x0800c1b4      0x24c D:/Apps/STM32CubeIDE/STM32CubeIDE_2.1.1/STM32CubeIDE/plugins/com.st.stm32cube.ide.mcu.externaltools.gnu-tools-for-stm32.14.3.rel1.win32_1.0.100.202602081740/tools/bin/../lib/gcc/arm-none-eabi/14.3.1/../../../../arm-none-eabi/lib/thumb/v7e-m+fp/hard\libc_nano.a(libc_a-nano-vfprintf_i.o)
                0x0800c1b4                _printf_i
 .text._scanf_float
                0x0800c400      0x418 D:/Apps/STM32CubeIDE/STM32CubeIDE_2.1.1/STM32CubeIDE/plugins/com.st.stm32cube.ide.mcu.externaltools.gnu-tools-for-stm32.14.3.rel1.win32_1.0.100.202602081740/tools/bin/../lib/gcc/arm-none-eabi/14.3.1/../../../../arm-none-eabi/lib/thumb/v7e-m+fp/hard\libc_nano.a(libc_a-nano-vfscanf_float.o)
                0x0800c400                _scanf_float
 .text.std      0x0800c818       0x6c D:/Apps/STM32CubeIDE/STM32CubeIDE_2.1.1/STM32CubeIDE/plugins/com.st.stm32cube.ide.mcu.externaltools.gnu-tools-for-stm32.14.3.rel1.win32_1.0.100.202602081740/tools/bin/../lib/gcc/arm-none-eabi/14.3.1/../../../../arm-none-eabi/lib/thumb/v7e-m+fp/hard\libc_nano.a(libc_a-findfp.o)
 .text.stdio_exit_handler
                0x0800c884       0x18 D:/Apps/STM32CubeIDE/STM32CubeIDE_2.1.1/STM32CubeIDE/plugins/com.st.stm32cube.ide.mcu.externaltools.gnu-tools-for-stm32.14.3.rel1.win32_1.0.100.202602081740/tools/bin/../lib/gcc/arm-none-eabi/14.3.1/../../../../arm-none-eabi/lib/thumb/v7e-m+fp/hard\libc_nano.a(libc_a-findfp.o)
 .text.cleanup_stdio
                0x0800c89c       0x40 D:/Apps/STM32CubeIDE/STM32CubeIDE_2.1.1/STM32CubeIDE/plugins/com.st.stm32cube.ide.mcu.externaltools.gnu-tools-for-stm32.14.3.rel1.win32_1.0.100.202602081740/tools/bin/../lib/gcc/arm-none-eabi/14.3.1/../../../../arm-none-eabi/lib/thumb/v7e-m+fp/hard\libc_nano.a(libc_a-findfp.o)
 .text.global_stdio_init.part.0
                0x0800c8dc       0x40 D:/Apps/STM32CubeIDE/STM32CubeIDE_2.1.1/STM32CubeIDE/plugins/com.st.stm32cube.ide.mcu.externaltools.gnu-tools-for-stm32.14.3.rel1.win32_1.0.100.202602081740/tools/bin/../lib/gcc/arm-none-eabi/14.3.1/../../../../arm-none-eabi/lib/thumb/v7e-m+fp/hard\libc_nano.a(libc_a-findfp.o)
 .text.__sfp_lock_acquire
                0x0800c91c        0xc D:/Apps/STM32CubeIDE/STM32CubeIDE_2.1.1/STM32CubeIDE/plugins/com.st.stm32cube.ide.mcu.externaltools.gnu-tools-for-stm32.14.3.rel1.win32_1.0.100.202602081740/tools/bin/../lib/gcc/arm-none-eabi/14.3.1/../../../../arm-none-eabi/lib/thumb/v7e-m+fp/hard\libc_nano.a(libc_a-findfp.o)
                0x0800c91c                __sfp_lock_acquire
 .text.__sfp_lock_release
                0x0800c928        0xc D:/Apps/STM32CubeIDE/STM32CubeIDE_2.1.1/STM32CubeIDE/plugins/com.st.stm32cube.ide.mcu.externaltools.gnu-tools-for-stm32.14.3.rel1.win32_1.0.100.202602081740/tools/bin/../lib/gcc/arm-none-eabi/14.3.1/../../../../arm-none-eabi/lib/thumb/v7e-m+fp/hard\libc_nano.a(libc_a-findfp.o)
                0x0800c928                __sfp_lock_release
 .text.__sinit  0x0800c934       0x30 D:/Apps/STM32CubeIDE/STM32CubeIDE_2.1.1/STM32CubeIDE/plugins/com.st.stm32cube.ide.mcu.externaltools.gnu-tools-for-stm32.14.3.rel1.win32_1.0.100.202602081740/tools/bin/../lib/gcc/arm-none-eabi/14.3.1/../../../../arm-none-eabi/lib/thumb/v7e-m+fp/hard\libc_nano.a(libc_a-findfp.o)
                0x0800c934                __sinit
 .text._fwalk_sglue
                0x0800c964       0x3c D:/Apps/STM32CubeIDE/STM32CubeIDE_2.1.1/STM32CubeIDE/plugins/com.st.stm32cube.ide.mcu.externaltools.gnu-tools-for-stm32.14.3.rel1.win32_1.0.100.202602081740/tools/bin/../lib/gcc/arm-none-eabi/14.3.1/../../../../arm-none-eabi/lib/thumb/v7e-m+fp/hard\libc_nano.a(libc_a-fwalk.o)
                0x0800c964                _fwalk_sglue
 .text.snprintf
                0x0800c9a0       0x6c D:/Apps/STM32CubeIDE/STM32CubeIDE_2.1.1/STM32CubeIDE/plugins/com.st.stm32cube.ide.mcu.externaltools.gnu-tools-for-stm32.14.3.rel1.win32_1.0.100.202602081740/tools/bin/../lib/gcc/arm-none-eabi/14.3.1/../../../../arm-none-eabi/lib/thumb/v7e-m+fp/hard\libc_nano.a(libc_a-snprintf.o)
                0x0800c9a0                sniprintf
                0x0800c9a0                snprintf
 .text.sprintf  0x0800ca0c       0x44 D:/Apps/STM32CubeIDE/STM32CubeIDE_2.1.1/STM32CubeIDE/plugins/com.st.stm32cube.ide.mcu.externaltools.gnu-tools-for-stm32.14.3.rel1.win32_1.0.100.202602081740/tools/bin/../lib/gcc/arm-none-eabi/14.3.1/../../../../arm-none-eabi/lib/thumb/v7e-m+fp/hard\libc_nano.a(libc_a-sprintf.o)
                0x0800ca0c                siprintf
                0x0800ca0c                sprintf
 .text.sscanf   0x0800ca50       0x58 D:/Apps/STM32CubeIDE/STM32CubeIDE_2.1.1/STM32CubeIDE/plugins/com.st.stm32cube.ide.mcu.externaltools.gnu-tools-for-stm32.14.3.rel1.win32_1.0.100.202602081740/tools/bin/../lib/gcc/arm-none-eabi/14.3.1/../../../../arm-none-eabi/lib/thumb/v7e-m+fp/hard\libc_nano.a(libc_a-sscanf.o)
                0x0800ca50                siscanf
                0x0800ca50                sscanf
 .text.__sread  0x0800caa8       0x22 D:/Apps/STM32CubeIDE/STM32CubeIDE_2.1.1/STM32CubeIDE/plugins/com.st.stm32cube.ide.mcu.externaltools.gnu-tools-for-stm32.14.3.rel1.win32_1.0.100.202602081740/tools/bin/../lib/gcc/arm-none-eabi/14.3.1/../../../../arm-none-eabi/lib/thumb/v7e-m+fp/hard\libc_nano.a(libc_a-stdio.o)
                0x0800caa8                __sread
 .text.__seofread
                0x0800caca        0x4 D:/Apps/STM32CubeIDE/STM32CubeIDE_2.1.1/STM32CubeIDE/plugins/com.st.stm32cube.ide.mcu.externaltools.gnu-tools-for-stm32.14.3.rel1.win32_1.0.100.202602081740/tools/bin/../lib/gcc/arm-none-eabi/14.3.1/../../../../arm-none-eabi/lib/thumb/v7e-m+fp/hard\libc_nano.a(libc_a-stdio.o)
                0x0800caca                __seofread
 .text.__swrite
                0x0800cace       0x38 D:/Apps/STM32CubeIDE/STM32CubeIDE_2.1.1/STM32CubeIDE/plugins/com.st.stm32cube.ide.mcu.externaltools.gnu-tools-for-stm32.14.3.rel1.win32_1.0.100.202602081740/tools/bin/../lib/gcc/arm-none-eabi/14.3.1/../../../../arm-none-eabi/lib/thumb/v7e-m+fp/hard\libc_nano.a(libc_a-stdio.o)
                0x0800cace                __swrite
 .text.__sseek  0x0800cb06       0x26 D:/Apps/STM32CubeIDE/STM32CubeIDE_2.1.1/STM32CubeIDE/plugins/com.st.stm32cube.ide.mcu.externaltools.gnu-tools-for-stm32.14.3.rel1.win32_1.0.100.202602081740/tools/bin/../lib/gcc/arm-none-eabi/14.3.1/../../../../arm-none-eabi/lib/thumb/v7e-m+fp/hard\libc_nano.a(libc_a-stdio.o)
                0x0800cb06                __sseek
 .text.__sclose
                0x0800cb2c        0x8 D:/Apps/STM32CubeIDE/STM32CubeIDE_2.1.1/STM32CubeIDE/plugins/com.st.stm32cube.ide.mcu.externaltools.gnu-tools-for-stm32.14.3.rel1.win32_1.0.100.202602081740/tools/bin/../lib/gcc/arm-none-eabi/14.3.1/../../../../arm-none-eabi/lib/thumb/v7e-m+fp/hard\libc_nano.a(libc_a-stdio.o)
                0x0800cb2c                __sclose
 .text.memset   0x0800cb34       0x10 D:/Apps/STM32CubeIDE/STM32CubeIDE_2.1.1/STM32CubeIDE/plugins/com.st.stm32cube.ide.mcu.externaltools.gnu-tools-for-stm32.14.3.rel1.win32_1.0.100.202602081740/tools/bin/../lib/gcc/arm-none-eabi/14.3.1/../../../../arm-none-eabi/lib/thumb/v7e-m+fp/hard\libc_nano.a(libc_a-memset.o)
                0x0800cb34                memset
 .text._localeconv_r
                0x0800cb44        0x8 D:/Apps/STM32CubeIDE/STM32CubeIDE_2.1.1/STM32CubeIDE/plugins/com.st.stm32cube.ide.mcu.externaltools.gnu-tools-for-stm32.14.3.rel1.win32_1.0.100.202602081740/tools/bin/../lib/gcc/arm-none-eabi/14.3.1/../../../../arm-none-eabi/lib/thumb/v7e-m+fp/hard\libc_nano.a(libc_a-localeconv.o)
                0x0800cb44                _localeconv_r
 .text._close_r
                0x0800cb4c       0x20 D:/Apps/STM32CubeIDE/STM32CubeIDE_2.1.1/STM32CubeIDE/plugins/com.st.stm32cube.ide.mcu.externaltools.gnu-tools-for-stm32.14.3.rel1.win32_1.0.100.202602081740/tools/bin/../lib/gcc/arm-none-eabi/14.3.1/../../../../arm-none-eabi/lib/thumb/v7e-m+fp/hard\libc_nano.a(libc_a-closer.o)
                0x0800cb4c                _close_r
 .text._reclaim_reent
                0x0800cb6c       0xbc D:/Apps/STM32CubeIDE/STM32CubeIDE_2.1.1/STM32CubeIDE/plugins/com.st.stm32cube.ide.mcu.externaltools.gnu-tools-for-stm32.14.3.rel1.win32_1.0.100.202602081740/tools/bin/../lib/gcc/arm-none-eabi/14.3.1/../../../../arm-none-eabi/lib/thumb/v7e-m+fp/hard\libc_nano.a(libc_a-reent.o)
                0x0800cb6c                _reclaim_reent
 .text._lseek_r
                0x0800cc28       0x24 D:/Apps/STM32CubeIDE/STM32CubeIDE_2.1.1/STM32CubeIDE/plugins/com.st.stm32cube.ide.mcu.externaltools.gnu-tools-for-stm32.14.3.rel1.win32_1.0.100.202602081740/tools/bin/../lib/gcc/arm-none-eabi/14.3.1/../../../../arm-none-eabi/lib/thumb/v7e-m+fp/hard\libc_nano.a(libc_a-lseekr.o)
                0x0800cc28                _lseek_r
 .text._read_r  0x0800cc4c       0x24 D:/Apps/STM32CubeIDE/STM32CubeIDE_2.1.1/STM32CubeIDE/plugins/com.st.stm32cube.ide.mcu.externaltools.gnu-tools-for-stm32.14.3.rel1.win32_1.0.100.202602081740/tools/bin/../lib/gcc/arm-none-eabi/14.3.1/../../../../arm-none-eabi/lib/thumb/v7e-m+fp/hard\libc_nano.a(libc_a-readr.o)
                0x0800cc4c                _read_r
 .text._write_r
                0x0800cc70       0x24 D:/Apps/STM32CubeIDE/STM32CubeIDE_2.1.1/STM32CubeIDE/plugins/com.st.stm32cube.ide.mcu.externaltools.gnu-tools-for-stm32.14.3.rel1.win32_1.0.100.202602081740/tools/bin/../lib/gcc/arm-none-eabi/14.3.1/../../../../arm-none-eabi/lib/thumb/v7e-m+fp/hard\libc_nano.a(libc_a-writer.o)
                0x0800cc70                _write_r
 .text.__errno  0x0800cc94        0xc D:/Apps/STM32CubeIDE/STM32CubeIDE_2.1.1/STM32CubeIDE/plugins/com.st.stm32cube.ide.mcu.externaltools.gnu-tools-for-stm32.14.3.rel1.win32_1.0.100.202602081740/tools/bin/../lib/gcc/arm-none-eabi/14.3.1/../../../../arm-none-eabi/lib/thumb/v7e-m+fp/hard\libc_nano.a(libc_a-errno.o)
                0x0800cc94                __errno
 .text.__libc_init_array
                0x0800cca0       0x48 D:/Apps/STM32CubeIDE/STM32CubeIDE_2.1.1/STM32CubeIDE/plugins/com.st.stm32cube.ide.mcu.externaltools.gnu-tools-for-stm32.14.3.rel1.win32_1.0.100.202602081740/tools/bin/../lib/gcc/arm-none-eabi/14.3.1/../../../../arm-none-eabi/lib/thumb/v7e-m+fp/hard\libc_nano.a(libc_a-init.o)
                0x0800cca0                __libc_init_array
 .text.__retarget_lock_init_recursive
                0x0800cce8        0x2 D:/Apps/STM32CubeIDE/STM32CubeIDE_2.1.1/STM32CubeIDE/plugins/com.st.stm32cube.ide.mcu.externaltools.gnu-tools-for-stm32.14.3.rel1.win32_1.0.100.202602081740/tools/bin/../lib/gcc/arm-none-eabi/14.3.1/../../../../arm-none-eabi/lib/thumb/v7e-m+fp/hard\libc_nano.a(libc_a-lock.o)
                0x0800cce8                __retarget_lock_init_recursive
 .text.__retarget_lock_acquire_recursive
                0x0800ccea        0x2 D:/Apps/STM32CubeIDE/STM32CubeIDE_2.1.1/STM32CubeIDE/plugins/com.st.stm32cube.ide.mcu.externaltools.gnu-tools-for-stm32.14.3.rel1.win32_1.0.100.202602081740/tools/bin/../lib/gcc/arm-none-eabi/14.3.1/../../../../arm-none-eabi/lib/thumb/v7e-m+fp/hard\libc_nano.a(libc_a-lock.o)
                0x0800ccea                __retarget_lock_acquire_recursive
 .text.__retarget_lock_release_recursive
                0x0800ccec        0x2 D:/Apps/STM32CubeIDE/STM32CubeIDE_2.1.1/STM32CubeIDE/plugins/com.st.stm32cube.ide.mcu.externaltools.gnu-tools-for-stm32.14.3.rel1.win32_1.0.100.202602081740/tools/bin/../lib/gcc/arm-none-eabi/14.3.1/../../../../arm-none-eabi/lib/thumb/v7e-m+fp/hard\libc_nano.a(libc_a-lock.o)
                0x0800ccec                __retarget_lock_release_recursive
 .text.memcpy   0x0800ccee       0x1c D:/Apps/STM32CubeIDE/STM32CubeIDE_2.1.1/STM32CubeIDE/plugins/com.st.stm32cube.ide.mcu.externaltools.gnu-tools-for-stm32.14.3.rel1.win32_1.0.100.202602081740/tools/bin/../lib/gcc/arm-none-eabi/14.3.1/../../../../arm-none-eabi/lib/thumb/v7e-m+fp/hard\libc_nano.a(libc_a-memcpy-stub.o)
                0x0800ccee                memcpy
 *fill*         0x0800cd0a        0x2 
 .text.nanf     0x0800cd0c        0xc D:/Apps/STM32CubeIDE/STM32CubeIDE_2.1.1/STM32CubeIDE/plugins/com.st.stm32cube.ide.mcu.externaltools.gnu-tools-for-stm32.14.3.rel1.win32_1.0.100.202602081740/tools/bin/../lib/gcc/arm-none-eabi/14.3.1/../../../../arm-none-eabi/lib/thumb/v7e-m+fp/hard\libc_nano.a(libm_a-sf_nan.o)
                0x0800cd0c                nanf
 .text.quorem   0x0800cd18      0x110 D:/Apps/STM32CubeIDE/STM32CubeIDE_2.1.1/STM32CubeIDE/plugins/com.st.stm32cube.ide.mcu.externaltools.gnu-tools-for-stm32.14.3.rel1.win32_1.0.100.202602081740/tools/bin/../lib/gcc/arm-none-eabi/14.3.1/../../../../arm-none-eabi/lib/thumb/v7e-m+fp/hard\libc_nano.a(libc_a-dtoa.o)
 .text._dtoa_r  0x0800ce28      0xbb8 D:/Apps/STM32CubeIDE/STM32CubeIDE_2.1.1/STM32CubeIDE/plugins/com.st.stm32cube.ide.mcu.externaltools.gnu-tools-for-stm32.14.3.rel1.win32_1.0.100.202602081740/tools/bin/../lib/gcc/arm-none-eabi/14.3.1/../../../../arm-none-eabi/lib/thumb/v7e-m+fp/hard\libc_nano.a(libc_a-dtoa.o)
                0x0800ce28                _dtoa_r
 .text._free_r  0x0800d9e0       0x94 D:/Apps/STM32CubeIDE/STM32CubeIDE_2.1.1/STM32CubeIDE/plugins/com.st.stm32cube.ide.mcu.externaltools.gnu-tools-for-stm32.14.3.rel1.win32_1.0.100.202602081740/tools/bin/../lib/gcc/arm-none-eabi/14.3.1/../../../../arm-none-eabi/lib/thumb/v7e-m+fp/hard\libc_nano.a(libc_a-freer.o)
                0x0800d9e0                _free_r
 .text.malloc   0x0800da74       0x10 D:/Apps/STM32CubeIDE/STM32CubeIDE_2.1.1/STM32CubeIDE/plugins/com.st.stm32cube.ide.mcu.externaltools.gnu-tools-for-stm32.14.3.rel1.win32_1.0.100.202602081740/tools/bin/../lib/gcc/arm-none-eabi/14.3.1/../../../../arm-none-eabi/lib/thumb/v7e-m+fp/hard\libc_nano.a(libc_a-malloc.o)
                0x0800da74                malloc
 .text.sbrk_aligned
                0x0800da84       0x44 D:/Apps/STM32CubeIDE/STM32CubeIDE_2.1.1/STM32CubeIDE/plugins/com.st.stm32cube.ide.mcu.externaltools.gnu-tools-for-stm32.14.3.rel1.win32_1.0.100.202602081740/tools/bin/../lib/gcc/arm-none-eabi/14.3.1/../../../../arm-none-eabi/lib/thumb/v7e-m+fp/hard\libc_nano.a(libc_a-mallocr.o)
 .text._malloc_r
                0x0800dac8      0x100 D:/Apps/STM32CubeIDE/STM32CubeIDE_2.1.1/STM32CubeIDE/plugins/com.st.stm32cube.ide.mcu.externaltools.gnu-tools-for-stm32.14.3.rel1.win32_1.0.100.202602081740/tools/bin/../lib/gcc/arm-none-eabi/14.3.1/../../../../arm-none-eabi/lib/thumb/v7e-m+fp/hard\libc_nano.a(libc_a-mallocr.o)
                0x0800dac8                _malloc_r
 .text.__malloc_lock
                0x0800dbc8        0xc D:/Apps/STM32CubeIDE/STM32CubeIDE_2.1.1/STM32CubeIDE/plugins/com.st.stm32cube.ide.mcu.externaltools.gnu-tools-for-stm32.14.3.rel1.win32_1.0.100.202602081740/tools/bin/../lib/gcc/arm-none-eabi/14.3.1/../../../../arm-none-eabi/lib/thumb/v7e-m+fp/hard\libc_nano.a(libc_a-mlock.o)
                0x0800dbc8                __malloc_lock
 .text.__malloc_unlock
                0x0800dbd4        0xc D:/Apps/STM32CubeIDE/STM32CubeIDE_2.1.1/STM32CubeIDE/plugins/com.st.stm32cube.ide.mcu.externaltools.gnu-tools-for-stm32.14.3.rel1.win32_1.0.100.202602081740/tools/bin/../lib/gcc/arm-none-eabi/14.3.1/../../../../arm-none-eabi/lib/thumb/v7e-m+fp/hard\libc_nano.a(libc_a-mlock.o)
                0x0800dbd4                __malloc_unlock
 .text._Balloc  0x0800dbe0       0x7c D:/Apps/STM32CubeIDE/STM32CubeIDE_2.1.1/STM32CubeIDE/plugins/com.st.stm32cube.ide.mcu.externaltools.gnu-tools-for-stm32.14.3.rel1.win32_1.0.100.202602081740/tools/bin/../lib/gcc/arm-none-eabi/14.3.1/../../../../arm-none-eabi/lib/thumb/v7e-m+fp/hard\libc_nano.a(libc_a-mprec.o)
                0x0800dbe0                _Balloc
 .text._Bfree   0x0800dc5c       0x44 D:/Apps/STM32CubeIDE/STM32CubeIDE_2.1.1/STM32CubeIDE/plugins/com.st.stm32cube.ide.mcu.externaltools.gnu-tools-for-stm32.14.3.rel1.win32_1.0.100.202602081740/tools/bin/../lib/gcc/arm-none-eabi/14.3.1/../../../../arm-none-eabi/lib/thumb/v7e-m+fp/hard\libc_nano.a(libc_a-mprec.o)
                0x0800dc5c                _Bfree
 .text.__multadd
                0x0800dca0       0x8c D:/Apps/STM32CubeIDE/STM32CubeIDE_2.1.1/STM32CubeIDE/plugins/com.st.stm32cube.ide.mcu.externaltools.gnu-tools-for-stm32.14.3.rel1.win32_1.0.100.202602081740/tools/bin/../lib/gcc/arm-none-eabi/14.3.1/../../../../arm-none-eabi/lib/thumb/v7e-m+fp/hard\libc_nano.a(libc_a-mprec.o)
                0x0800dca0                __multadd
 .text.__s2b    0x0800dd2c       0x94 D:/Apps/STM32CubeIDE/STM32CubeIDE_2.1.1/STM32CubeIDE/plugins/com.st.stm32cube.ide.mcu.externaltools.gnu-tools-for-stm32.14.3.rel1.win32_1.0.100.202602081740/tools/bin/../lib/gcc/arm-none-eabi/14.3.1/../../../../arm-none-eabi/lib/thumb/v7e-m+fp/hard\libc_nano.a(libc_a-mprec.o)
                0x0800dd2c                __s2b
 .text.__hi0bits
                0x0800ddc0       0x3e D:/Apps/STM32CubeIDE/STM32CubeIDE_2.1.1/STM32CubeIDE/plugins/com.st.stm32cube.ide.mcu.externaltools.gnu-tools-for-stm32.14.3.rel1.win32_1.0.100.202602081740/tools/bin/../lib/gcc/arm-none-eabi/14.3.1/../../../../arm-none-eabi/lib/thumb/v7e-m+fp/hard\libc_nano.a(libc_a-mprec.o)
                0x0800ddc0                __hi0bits
 .text.__lo0bits
                0x0800ddfe       0x5a D:/Apps/STM32CubeIDE/STM32CubeIDE_2.1.1/STM32CubeIDE/plugins/com.st.stm32cube.ide.mcu.externaltools.gnu-tools-for-stm32.14.3.rel1.win32_1.0.100.202602081740/tools/bin/../lib/gcc/arm-none-eabi/14.3.1/../../../../arm-none-eabi/lib/thumb/v7e-m+fp/hard\libc_nano.a(libc_a-mprec.o)
                0x0800ddfe                __lo0bits
 .text.__i2b    0x0800de58       0x2c D:/Apps/STM32CubeIDE/STM32CubeIDE_2.1.1/STM32CubeIDE/plugins/com.st.stm32cube.ide.mcu.externaltools.gnu-tools-for-stm32.14.3.rel1.win32_1.0.100.202602081740/tools/bin/../lib/gcc/arm-none-eabi/14.3.1/../../../../arm-none-eabi/lib/thumb/v7e-m+fp/hard\libc_nano.a(libc_a-mprec.o)
                0x0800de58                __i2b
 .text.__multiply
                0x0800de84      0x154 D:/Apps/STM32CubeIDE/STM32CubeIDE_2.1.1/STM32CubeIDE/plugins/com.st.stm32cube.ide.mcu.externaltools.gnu-tools-for-stm32.14.3.rel1.win32_1.0.100.202602081740/tools/bin/../lib/gcc/arm-none-eabi/14.3.1/../../../../arm-none-eabi/lib/thumb/v7e-m+fp/hard\libc_nano.a(libc_a-mprec.o)
                0x0800de84                __multiply
 .text.__pow5mult
                0x0800dfd8       0xb8 D:/Apps/STM32CubeIDE/STM32CubeIDE_2.1.1/STM32CubeIDE/plugins/com.st.stm32cube.ide.mcu.externaltools.gnu-tools-for-stm32.14.3.rel1.win32_1.0.100.202602081740/tools/bin/../lib/gcc/arm-none-eabi/14.3.1/../../../../arm-none-eabi/lib/thumb/v7e-m+fp/hard\libc_nano.a(libc_a-mprec.o)
                0x0800dfd8                __pow5mult
 .text.__lshift
                0x0800e090       0xdc D:/Apps/STM32CubeIDE/STM32CubeIDE_2.1.1/STM32CubeIDE/plugins/com.st.stm32cube.ide.mcu.externaltools.gnu-tools-for-stm32.14.3.rel1.win32_1.0.100.202602081740/tools/bin/../lib/gcc/arm-none-eabi/14.3.1/../../../../arm-none-eabi/lib/thumb/v7e-m+fp/hard\libc_nano.a(libc_a-mprec.o)
                0x0800e090                __lshift
 .text.__mcmp   0x0800e16c       0x36 D:/Apps/STM32CubeIDE/STM32CubeIDE_2.1.1/STM32CubeIDE/plugins/com.st.stm32cube.ide.mcu.externaltools.gnu-tools-for-stm32.14.3.rel1.win32_1.0.100.202602081740/tools/bin/../lib/gcc/arm-none-eabi/14.3.1/../../../../arm-none-eabi/lib/thumb/v7e-m+fp/hard\libc_nano.a(libc_a-mprec.o)
                0x0800e16c                __mcmp
 *fill*         0x0800e1a2        0x2 
 .text.__mdiff  0x0800e1a4      0x130 D:/Apps/STM32CubeIDE/STM32CubeIDE_2.1.1/STM32CubeIDE/plugins/com.st.stm32cube.ide.mcu.externaltools.gnu-tools-for-stm32.14.3.rel1.win32_1.0.100.202602081740/tools/bin/../lib/gcc/arm-none-eabi/14.3.1/../../../../arm-none-eabi/lib/thumb/v7e-m+fp/hard\libc_nano.a(libc_a-mprec.o)
                0x0800e1a4                __mdiff
 .text.__ulp    0x0800e2d4       0x4c D:/Apps/STM32CubeIDE/STM32CubeIDE_2.1.1/STM32CubeIDE/plugins/com.st.stm32cube.ide.mcu.externaltools.gnu-tools-for-stm32.14.3.rel1.win32_1.0.100.202602081740/tools/bin/../lib/gcc/arm-none-eabi/14.3.1/../../../../arm-none-eabi/lib/thumb/v7e-m+fp/hard\libc_nano.a(libc_a-mprec.o)
                0x0800e2d4                __ulp
 .text.__b2d    0x0800e320       0x94 D:/Apps/STM32CubeIDE/STM32CubeIDE_2.1.1/STM32CubeIDE/plugins/com.st.stm32cube.ide.mcu.externaltools.gnu-tools-for-stm32.14.3.rel1.win32_1.0.100.202602081740/tools/bin/../lib/gcc/arm-none-eabi/14.3.1/../../../../arm-none-eabi/lib/thumb/v7e-m+fp/hard\libc_nano.a(libc_a-mprec.o)
                0x0800e320                __b2d
 .text.__d2b    0x0800e3b4       0xb0 D:/Apps/STM32CubeIDE/STM32CubeIDE_2.1.1/STM32CubeIDE/plugins/com.st.stm32cube.ide.mcu.externaltools.gnu-tools-for-stm32.14.3.rel1.win32_1.0.100.202602081740/tools/bin/../lib/gcc/arm-none-eabi/14.3.1/../../../../arm-none-eabi/lib/thumb/v7e-m+fp/hard\libc_nano.a(libc_a-mprec.o)
                0x0800e3b4                __d2b
 .text.__ratio  0x0800e464       0x64 D:/Apps/STM32CubeIDE/STM32CubeIDE_2.1.1/STM32CubeIDE/plugins/com.st.stm32cube.ide.mcu.externaltools.gnu-tools-for-stm32.14.3.rel1.win32_1.0.100.202602081740/tools/bin/../lib/gcc/arm-none-eabi/14.3.1/../../../../arm-none-eabi/lib/thumb/v7e-m+fp/hard\libc_nano.a(libc_a-mprec.o)
                0x0800e464                __ratio
 .text.__copybits
                0x0800e4c8       0x46 D:/Apps/STM32CubeIDE/STM32CubeIDE_2.1.1/STM32CubeIDE/plugins/com.st.stm32cube.ide.mcu.externaltools.gnu-tools-for-stm32.14.3.rel1.win32_1.0.100.202602081740/tools/bin/../lib/gcc/arm-none-eabi/14.3.1/../../../../arm-none-eabi/lib/thumb/v7e-m+fp/hard\libc_nano.a(libc_a-mprec.o)
                0x0800e4c8                __copybits
 .text.__any_on
                0x0800e50e       0x42 D:/Apps/STM32CubeIDE/STM32CubeIDE_2.1.1/STM32CubeIDE/plugins/com.st.stm32cube.ide.mcu.externaltools.gnu-tools-for-stm32.14.3.rel1.win32_1.0.100.202602081740/tools/bin/../lib/gcc/arm-none-eabi/14.3.1/../../../../arm-none-eabi/lib/thumb/v7e-m+fp/hard\libc_nano.a(libc_a-mprec.o)
                0x0800e50e                __any_on
 .text.sulp     0x0800e550       0x3c D:/Apps/STM32CubeIDE/STM32CubeIDE_2.1.1/STM32CubeIDE/plugins/com.st.stm32cube.ide.mcu.externaltools.gnu-tools-for-stm32.14.3.rel1.win32_1.0.100.202602081740/tools/bin/../lib/gcc/arm-none-eabi/14.3.1/../../../../arm-none-eabi/lib/thumb/v7e-m+fp/hard\libc_nano.a(libc_a-strtod.o)
 *fill*         0x0800e58c        0x4 
 .text._strtod_l
                0x0800e590      0xbb8 D:/Apps/STM32CubeIDE/STM32CubeIDE_2.1.1/STM32CubeIDE/plugins/com.st.stm32cube.ide.mcu.externaltools.gnu-tools-for-stm32.14.3.rel1.win32_1.0.100.202602081740/tools/bin/../lib/gcc/arm-none-eabi/14.3.1/../../../../arm-none-eabi/lib/thumb/v7e-m+fp/hard\libc_nano.a(libc_a-strtod.o)
                0x0800e590                _strtod_l
 .text._strtod_r
                0x0800f148        0xc D:/Apps/STM32CubeIDE/STM32CubeIDE_2.1.1/STM32CubeIDE/plugins/com.st.stm32cube.ide.mcu.externaltools.gnu-tools-for-stm32.14.3.rel1.win32_1.0.100.202602081740/tools/bin/../lib/gcc/arm-none-eabi/14.3.1/../../../../arm-none-eabi/lib/thumb/v7e-m+fp/hard\libc_nano.a(libc_a-strtod.o)
                0x0800f148                _strtod_r
 .text._strtol_l.isra.0
                0x0800f154       0xf4 D:/Apps/STM32CubeIDE/STM32CubeIDE_2.1.1/STM32CubeIDE/plugins/com.st.stm32cube.ide.mcu.externaltools.gnu-tools-for-stm32.14.3.rel1.win32_1.0.100.202602081740/tools/bin/../lib/gcc/arm-none-eabi/14.3.1/../../../../arm-none-eabi/lib/thumb/v7e-m+fp/hard\libc_nano.a(libc_a-strtol.o)
 .text._strtol_r
                0x0800f248        0x4 D:/Apps/STM32CubeIDE/STM32CubeIDE_2.1.1/STM32CubeIDE/plugins/com.st.stm32cube.ide.mcu.externaltools.gnu-tools-for-stm32.14.3.rel1.win32_1.0.100.202602081740/tools/bin/../lib/gcc/arm-none-eabi/14.3.1/../../../../arm-none-eabi/lib/thumb/v7e-m+fp/hard\libc_nano.a(libc_a-strtol.o)
                0x0800f248                _strtol_r
 .text.__ssputs_r
                0x0800f24c       0xc0 D:/Apps/STM32CubeIDE/STM32CubeIDE_2.1.1/STM32CubeIDE/plugins/com.st.stm32cube.ide.mcu.externaltools.gnu-tools-for-stm32.14.3.rel1.win32_1.0.100.202602081740/tools/bin/../lib/gcc/arm-none-eabi/14.3.1/../../../../arm-none-eabi/lib/thumb/v7e-m+fp/hard\libc_nano.a(libc_a-nano-svfprintf.o)
                0x0800f24c                __ssputs_r
 .text._svfprintf_r
                0x0800f30c      0x1f0 D:/Apps/STM32CubeIDE/STM32CubeIDE_2.1.1/STM32CubeIDE/plugins/com.st.stm32cube.ide.mcu.externaltools.gnu-tools-for-stm32.14.3.rel1.win32_1.0.100.202602081740/tools/bin/../lib/gcc/arm-none-eabi/14.3.1/../../../../arm-none-eabi/lib/thumb/v7e-m+fp/hard\libc_nano.a(libc_a-nano-svfprintf.o)
                0x0800f30c                _svfiprintf_r
                0x0800f30c                _svfprintf_r
 .text._sungetc_r
                0x0800f4fc       0x7a D:/Apps/STM32CubeIDE/STM32CubeIDE_2.1.1/STM32CubeIDE/plugins/com.st.stm32cube.ide.mcu.externaltools.gnu-tools-for-stm32.14.3.rel1.win32_1.0.100.202602081740/tools/bin/../lib/gcc/arm-none-eabi/14.3.1/../../../../arm-none-eabi/lib/thumb/v7e-m+fp/hard\libc_nano.a(libc_a-nano-svfscanf.o)
                0x0800f4fc                _sungetc_r
 .text.__ssrefill_r
                0x0800f576       0x3a D:/Apps/STM32CubeIDE/STM32CubeIDE_2.1.1/STM32CubeIDE/plugins/com.st.stm32cube.ide.mcu.externaltools.gnu-tools-for-stm32.14.3.rel1.win32_1.0.100.202602081740/tools/bin/../lib/gcc/arm-none-eabi/14.3.1/../../../../arm-none-eabi/lib/thumb/v7e-m+fp/hard\libc_nano.a(libc_a-nano-svfscanf.o)
                0x0800f576                __ssrefill_r
 .text.__ssvfscanf_r
                0x0800f5b0      0x2fc D:/Apps/STM32CubeIDE/STM32CubeIDE_2.1.1/STM32CubeIDE/plugins/com.st.stm32cube.ide.mcu.externaltools.gnu-tools-for-stm32.14.3.rel1.win32_1.0.100.202602081740/tools/bin/../lib/gcc/arm-none-eabi/14.3.1/../../../../arm-none-eabi/lib/thumb/v7e-m+fp/hard\libc_nano.a(libc_a-nano-svfscanf.o)
                0x0800f5b0                __ssvfiscanf_r
                0x0800f5b0                __ssvfscanf_r
 .text._scanf_chars
                0x0800f8ac       0xb4 D:/Apps/STM32CubeIDE/STM32CubeIDE_2.1.1/STM32CubeIDE/plugins/com.st.stm32cube.ide.mcu.externaltools.gnu-tools-for-stm32.14.3.rel1.win32_1.0.100.202602081740/tools/bin/../lib/gcc/arm-none-eabi/14.3.1/../../../../arm-none-eabi/lib/thumb/v7e-m+fp/hard\libc_nano.a(libc_a-nano-vfscanf_i.o)
                0x0800f8ac                _scanf_chars
 .text._scanf_i
                0x0800f960      0x1e4 D:/Apps/STM32CubeIDE/STM32CubeIDE_2.1.1/STM32CubeIDE/plugins/com.st.stm32cube.ide.mcu.externaltools.gnu-tools-for-stm32.14.3.rel1.win32_1.0.100.202602081740/tools/bin/../lib/gcc/arm-none-eabi/14.3.1/../../../../arm-none-eabi/lib/thumb/v7e-m+fp/hard\libc_nano.a(libc_a-nano-vfscanf_i.o)
                0x0800f960                _scanf_i
 .text.__sflush_r
                0x0800fb44      0x104 D:/Apps/STM32CubeIDE/STM32CubeIDE_2.1.1/STM32CubeIDE/plugins/com.st.stm32cube.ide.mcu.externaltools.gnu-tools-for-stm32.14.3.rel1.win32_1.0.100.202602081740/tools/bin/../lib/gcc/arm-none-eabi/14.3.1/../../../../arm-none-eabi/lib/thumb/v7e-m+fp/hard\libc_nano.a(libc_a-fflush.o)
                0x0800fb44                __sflush_r
 .text._fflush_r
                0x0800fc48       0x50 D:/Apps/STM32CubeIDE/STM32CubeIDE_2.1.1/STM32CubeIDE/plugins/com.st.stm32cube.ide.mcu.externaltools.gnu-tools-for-stm32.14.3.rel1.win32_1.0.100.202602081740/tools/bin/../lib/gcc/arm-none-eabi/14.3.1/../../../../arm-none-eabi/lib/thumb/v7e-m+fp/hard\libc_nano.a(libc_a-fflush.o)
                0x0800fc48                _fflush_r
 .text.__sccl   0x0800fc98       0x72 D:/Apps/STM32CubeIDE/STM32CubeIDE_2.1.1/STM32CubeIDE/plugins/com.st.stm32cube.ide.mcu.externaltools.gnu-tools-for-stm32.14.3.rel1.win32_1.0.100.202602081740/tools/bin/../lib/gcc/arm-none-eabi/14.3.1/../../../../arm-none-eabi/lib/thumb/v7e-m+fp/hard\libc_nano.a(libc_a-sccl.o)
                0x0800fc98                __sccl
 .text.__submore
                0x0800fd0a       0x74 D:/Apps/STM32CubeIDE/STM32CubeIDE_2.1.1/STM32CubeIDE/plugins/com.st.stm32cube.ide.mcu.externaltools.gnu-tools-for-stm32.14.3.rel1.win32_1.0.100.202602081740/tools/bin/../lib/gcc/arm-none-eabi/14.3.1/../../../../arm-none-eabi/lib/thumb/v7e-m+fp/hard\libc_nano.a(libc_a-ungetc.o)
                0x0800fd0a                __submore
 .text.memmove  0x0800fd7e       0x32 D:/Apps/STM32CubeIDE/STM32CubeIDE_2.1.1/STM32CubeIDE/plugins/com.st.stm32cube.ide.mcu.externaltools.gnu-tools-for-stm32.14.3.rel1.win32_1.0.100.202602081740/tools/bin/../lib/gcc/arm-none-eabi/14.3.1/../../../../arm-none-eabi/lib/thumb/v7e-m+fp/hard\libc_nano.a(libc_a-memmove.o)
                0x0800fd7e                memmove
 .text.strncmp  0x0800fdb0       0x24 D:/Apps/STM32CubeIDE/STM32CubeIDE_2.1.1/STM32CubeIDE/plugins/com.st.stm32cube.ide.mcu.externaltools.gnu-tools-for-stm32.14.3.rel1.win32_1.0.100.202602081740/tools/bin/../lib/gcc/arm-none-eabi/14.3.1/../../../../arm-none-eabi/lib/thumb/v7e-m+fp/hard\libc_nano.a(libc_a-strncmp.o)
                0x0800fdb0                strncmp
 .text._sbrk_r  0x0800fdd4       0x20 D:/Apps/STM32CubeIDE/STM32CubeIDE_2.1.1/STM32CubeIDE/plugins/com.st.stm32cube.ide.mcu.externaltools.gnu-tools-for-stm32.14.3.rel1.win32_1.0.100.202602081740/tools/bin/../lib/gcc/arm-none-eabi/14.3.1/../../../../arm-none-eabi/lib/thumb/v7e-m+fp/hard\libc_nano.a(libc_a-sbrkr.o)
                0x0800fdd4                _sbrk_r
 *fill*         0x0800fdf4        0x4 
 .text.nan      0x0800fdf8       0x10 D:/Apps/STM32CubeIDE/STM32CubeIDE_2.1.1/STM32CubeIDE/plugins/com.st.stm32cube.ide.mcu.externaltools.gnu-tools-for-stm32.14.3.rel1.win32_1.0.100.202602081740/tools/bin/../lib/gcc/arm-none-eabi/14.3.1/../../../../arm-none-eabi/lib/thumb/v7e-m+fp/hard\libc_nano.a(libm_a-s_nan.o)
                0x0800fdf8                nan
 .text.__assert_func
                0x0800fe08       0x3c D:/Apps/STM32CubeIDE/STM32CubeIDE_2.1.1/STM32CubeIDE/plugins/com.st.stm32cube.ide.mcu.externaltools.gnu-tools-for-stm32.14.3.rel1.win32_1.0.100.202602081740/tools/bin/../lib/gcc/arm-none-eabi/14.3.1/../../../../arm-none-eabi/lib/thumb/v7e-m+fp/hard\libc_nano.a(libc_a-assert.o)
                0x0800fe08                __assert_func
 .text._calloc_r
                0x0800fe44       0x28 D:/Apps/STM32CubeIDE/STM32CubeIDE_2.1.1/STM32CubeIDE/plugins/com.st.stm32cube.ide.mcu.externaltools.gnu-tools-for-stm32.14.3.rel1.win32_1.0.100.202602081740/tools/bin/../lib/gcc/arm-none-eabi/14.3.1/../../../../arm-none-eabi/lib/thumb/v7e-m+fp/hard\libc_nano.a(libc_a-callocr.o)
                0x0800fe44                _calloc_r
 .text.rshift   0x0800fe6c       0xa4 D:/Apps/STM32CubeIDE/STM32CubeIDE_2.1.1/STM32CubeIDE/plugins/com.st.stm32cube.ide.mcu.externaltools.gnu-tools-for-stm32.14.3.rel1.win32_1.0.100.202602081740/tools/bin/../lib/gcc/arm-none-eabi/14.3.1/../../../../arm-none-eabi/lib/thumb/v7e-m+fp/hard\libc_nano.a(libc_a-gdtoa-gethex.o)
 .text.__hexdig_fun
                0x0800ff10       0x2a D:/Apps/STM32CubeIDE/STM32CubeIDE_2.1.1/STM32CubeIDE/plugins/com.st.stm32cube.ide.mcu.externaltools.gnu-tools-for-stm32.14.3.rel1.win32_1.0.100.202602081740/tools/bin/../lib/gcc/arm-none-eabi/14.3.1/../../../../arm-none-eabi/lib/thumb/v7e-m+fp/hard\libc_nano.a(libc_a-gdtoa-gethex.o)
                0x0800ff10                __hexdig_fun
 *fill*         0x0800ff3a        0x2 
 .text.__gethex
                0x0800ff3c      0x420 D:/Apps/STM32CubeIDE/STM32CubeIDE_2.1.1/STM32CubeIDE/plugins/com.st.stm32cube.ide.mcu.externaltools.gnu-tools-for-stm32.14.3.rel1.win32_1.0.100.202602081740/tools/bin/../lib/gcc/arm-none-eabi/14.3.1/../../../../arm-none-eabi/lib/thumb/v7e-m+fp/hard\libc_nano.a(libc_a-gdtoa-gethex.o)
                0x0800ff3c                __gethex
 .text.L_shift  0x0801035c       0x24 D:/Apps/STM32CubeIDE/STM32CubeIDE_2.1.1/STM32CubeIDE/plugins/com.st.stm32cube.ide.mcu.externaltools.gnu-tools-for-stm32.14.3.rel1.win32_1.0.100.202602081740/tools/bin/../lib/gcc/arm-none-eabi/14.3.1/../../../../arm-none-eabi/lib/thumb/v7e-m+fp/hard\libc_nano.a(libc_a-gdtoa-hexnan.o)
 .text.__match  0x08010380       0x28 D:/Apps/STM32CubeIDE/STM32CubeIDE_2.1.1/STM32CubeIDE/plugins/com.st.stm32cube.ide.mcu.externaltools.gnu-tools-for-stm32.14.3.rel1.win32_1.0.100.202602081740/tools/bin/../lib/gcc/arm-none-eabi/14.3.1/../../../../arm-none-eabi/lib/thumb/v7e-m+fp/hard\libc_nano.a(libc_a-gdtoa-hexnan.o)
                0x08010380                __match
 .text.__hexnan
                0x080103a8      0x13a D:/Apps/STM32CubeIDE/STM32CubeIDE_2.1.1/STM32CubeIDE/plugins/com.st.stm32cube.ide.mcu.externaltools.gnu-tools-for-stm32.14.3.rel1.win32_1.0.100.202602081740/tools/bin/../lib/gcc/arm-none-eabi/14.3.1/../../../../arm-none-eabi/lib/thumb/v7e-m+fp/hard\libc_nano.a(libc_a-gdtoa-hexnan.o)
                0x080103a8                __hexnan
 .text.__ascii_mbtowc
                0x080104e2       0x24 D:/Apps/STM32CubeIDE/STM32CubeIDE_2.1.1/STM32CubeIDE/plugins/com.st.stm32cube.ide.mcu.externaltools.gnu-tools-for-stm32.14.3.rel1.win32_1.0.100.202602081740/tools/bin/../lib/gcc/arm-none-eabi/14.3.1/../../../../arm-none-eabi/lib/thumb/v7e-m+fp/hard\libc_nano.a(libc_a-mbtowc_r.o)
                0x080104e2                __ascii_mbtowc
 .text._realloc_r
                0x08010506       0x5c D:/Apps/STM32CubeIDE/STM32CubeIDE_2.1.1/STM32CubeIDE/plugins/com.st.stm32cube.ide.mcu.externaltools.gnu-tools-for-stm32.14.3.rel1.win32_1.0.100.202602081740/tools/bin/../lib/gcc/arm-none-eabi/14.3.1/../../../../arm-none-eabi/lib/thumb/v7e-m+fp/hard\libc_nano.a(libc_a-reallocr.o)
                0x08010506                _realloc_r
 *fill*         0x08010562        0x2 
 .text._strtoul_l.isra.0
                0x08010564       0xdc D:/Apps/STM32CubeIDE/STM32CubeIDE_2.1.1/STM32CubeIDE/plugins/com.st.stm32cube.ide.mcu.externaltools.gnu-tools-for-stm32.14.3.rel1.win32_1.0.100.202602081740/tools/bin/../lib/gcc/arm-none-eabi/14.3.1/../../../../arm-none-eabi/lib/thumb/v7e-m+fp/hard\libc_nano.a(libc_a-strtoul.o)
 .text._strtoul_r
                0x08010640        0x4 D:/Apps/STM32CubeIDE/STM32CubeIDE_2.1.1/STM32CubeIDE/plugins/com.st.stm32cube.ide.mcu.externaltools.gnu-tools-for-stm32.14.3.rel1.win32_1.0.100.202602081740/tools/bin/../lib/gcc/arm-none-eabi/14.3.1/../../../../arm-none-eabi/lib/thumb/v7e-m+fp/hard\libc_nano.a(libc_a-strtoul.o)
                0x08010640                _strtoul_r
 .text.__ascii_wctomb
                0x08010644       0x1a D:/Apps/STM32CubeIDE/STM32CubeIDE_2.1.1/STM32CubeIDE/plugins/com.st.stm32cube.ide.mcu.externaltools.gnu-tools-for-stm32.14.3.rel1.win32_1.0.100.202602081740/tools/bin/../lib/gcc/arm-none-eabi/14.3.1/../../../../arm-none-eabi/lib/thumb/v7e-m+fp/hard\libc_nano.a(libc_a-wctomb_r.o)
                0x08010644                __ascii_wctomb
 *fill*         0x0801065e        0x2 
 .text.fprintf  0x08010660       0x24 D:/Apps/STM32CubeIDE/STM32CubeIDE_2.1.1/STM32CubeIDE/plugins/com.st.stm32cube.ide.mcu.externaltools.gnu-tools-for-stm32.14.3.rel1.win32_1.0.100.202602081740/tools/bin/../lib/gcc/arm-none-eabi/14.3.1/../../../../arm-none-eabi/lib/thumb/v7e-m+fp/hard\libc_nano.a(libc_a-fprintf.o)
                0x08010660                fiprintf
                0x08010660                fprintf
 .text.abort    0x08010684        0xe D:/Apps/STM32CubeIDE/STM32CubeIDE_2.1.1/STM32CubeIDE/plugins/com.st.stm32cube.ide.mcu.externaltools.gnu-tools-for-stm32.14.3.rel1.win32_1.0.100.202602081740/tools/bin/../lib/gcc/arm-none-eabi/14.3.1/../../../../arm-none-eabi/lib/thumb/v7e-m+fp/hard\libc_nano.a(libc_a-abort.o)
                0x08010684                abort
 .text._malloc_usable_size_r
                0x08010692       0x10 D:/Apps/STM32CubeIDE/STM32CubeIDE_2.1.1/STM32CubeIDE/plugins/com.st.stm32cube.ide.mcu.externaltools.gnu-tools-for-stm32.14.3.rel1.win32_1.0.100.202602081740/tools/bin/../lib/gcc/arm-none-eabi/14.3.1/../../../../arm-none-eabi/lib/thumb/v7e-m+fp/hard\libc_nano.a(libc_a-msizer.o)